---
source: air/src/constraints/columns.rs
expression: col_map!(BitwiseCols)
---
BitwiseCols {
    op_flag: 0,
    a_bytes: [
        1,
        2,
        3,
        4,
    ],
    b_bytes: [
        5,
        6,
        7,
        8,
    ],
    and_bytes: [
        9,
        10,
        11,
        12,
    ],
}
