---
source: processor/src/fast/tests/advice_provider.rs
expression: fast_host.snapshots()
---
{
    0: [
        ProcessorStateSnapshot {
            clk: 10,
            ctx: 0,
            stack_state: [
                0,
                0,
                0,
                0,
                0,
                0,
                0,
                0,
                0,
                0,
                0,
                0,
                0,
                0,
                0,
                0,
            ],
            stack_words: [
                Word(
                    [
                        0,
                        0,
                        0,
                        0,
                    ],
                ),
                Word(
                    [
                        0,
                        0,
                        0,
                        0,
                    ],
                ),
                Word(
                    [
                        0,
                        0,
                        0,
                        0,
                    ],
                ),
                Word(
                    [
                        0,
                        0,
                        0,
                        0,
                    ],
                ),
            ],
            mem_state: [
                (
                    MemoryAddress(
                        4294967292,
                    ),
                    0,
                ),
                (
                    MemoryAddress(
                        4294967293,
                    ),
                    0,
                ),
                (
                    MemoryAddress(
                        4294967294,
                    ),
                    2147483648,
                ),
                (
                    MemoryAddress(
                        4294967295,
                    ),
                    0,
                ),
            ],
        },
    ],
    1: [
        ProcessorStateSnapshot {
            clk: 17,
            ctx: 0,
            stack_state: [
                0,
                0,
                0,
                0,
                0,
                0,
                0,
                0,
                0,
                0,
                0,
                0,
                0,
                0,
                0,
                0,
            ],
            stack_words: [
                Word(
                    [
                        0,
                        0,
                        0,
                        0,
                    ],
                ),
                Word(
                    [
                        0,
                        0,
                        0,
                        0,
                    ],
                ),
                Word(
                    [
                        0,
                        0,
                        0,
                        0,
                    ],
                ),
                Word(
                    [
                        0,
                        0,
                        0,
                        0,
                    ],
                ),
            ],
            mem_state: [
                (
                    MemoryAddress(
                        4294967292,
                    ),
                    0,
                ),
                (
                    MemoryAddress(
                        4294967293,
                    ),
                    0,
                ),
                (
                    MemoryAddress(
                        4294967294,
                    ),
                    2147483648,
                ),
                (
                    MemoryAddress(
                        4294967295,
                    ),
                    0,
                ),
            ],
        },
        ProcessorStateSnapshot {
            clk: 33,
            ctx: 0,
            stack_state: [
                0,
                0,
                0,
                0,
                0,
                0,
                0,
                0,
                0,
                0,
                0,
                0,
                0,
                0,
                0,
                0,
            ],
            stack_words: [
                Word(
                    [
                        0,
                        0,
                        0,
                        0,
                    ],
                ),
                Word(
                    [
                        0,
                        0,
                        0,
                        0,
                    ],
                ),
                Word(
                    [
                        0,
                        0,
                        0,
                        0,
                    ],
                ),
                Word(
                    [
                        0,
                        0,
                        0,
                        0,
                    ],
                ),
            ],
            mem_state: [
                (
                    MemoryAddress(
                        4294967292,
                    ),
                    0,
                ),
                (
                    MemoryAddress(
                        4294967293,
                    ),
                    0,
                ),
                (
                    MemoryAddress(
                        4294967294,
                    ),
                    2147483648,
                ),
                (
                    MemoryAddress(
                        4294967295,
                    ),
                    0,
                ),
            ],
        },
    ],
    2: [
        ProcessorStateSnapshot {
            clk: 49,
            ctx: 0,
            stack_state: [
                0,
                0,
                0,
                0,
                0,
                0,
                0,
                0,
                0,
                0,
                0,
                0,
                0,
                0,
                0,
                0,
            ],
            stack_words: [
                Word(
                    [
                        0,
                        0,
                        0,
                        0,
                    ],
                ),
                Word(
                    [
                        0,
                        0,
                        0,
                        0,
                    ],
                ),
                Word(
                    [
                        0,
                        0,
                        0,
                        0,
                    ],
                ),
                Word(
                    [
                        0,
                        0,
                        0,
                        0,
                    ],
                ),
            ],
            mem_state: [
                (
                    MemoryAddress(
                        4294967292,
                    ),
                    0,
                ),
                (
                    MemoryAddress(
                        4294967293,
                    ),
                    0,
                ),
                (
                    MemoryAddress(
                        4294967294,
                    ),
                    2147483648,
                ),
                (
                    MemoryAddress(
                        4294967295,
                    ),
                    0,
                ),
            ],
        },
    ],
    3: [
        ProcessorStateSnapshot {
            clk: 69,
            ctx: 0,
            stack_state: [
                0,
                0,
                0,
                0,
                0,
                0,
                0,
                0,
                0,
                0,
                0,
                0,
                0,
                0,
                0,
                0,
            ],
            stack_words: [
                Word(
                    [
                        0,
                        0,
                        0,
                        0,
                    ],
                ),
                Word(
                    [
                        0,
                        0,
                        0,
                        0,
                    ],
                ),
                Word(
                    [
                        0,
                        0,
                        0,
                        0,
                    ],
                ),
                Word(
                    [
                        0,
                        0,
                        0,
                        0,
                    ],
                ),
            ],
            mem_state: [
                (
                    MemoryAddress(
                        4294967292,
                    ),
                    0,
                ),
                (
                    MemoryAddress(
                        4294967293,
                    ),
                    0,
                ),
                (
                    MemoryAddress(
                        4294967294,
                    ),
                    2147483648,
                ),
                (
                    MemoryAddress(
                        4294967295,
                    ),
                    0,
                ),
            ],
        },
    ],
    4: [
        ProcessorStateSnapshot {
            clk: 92,
            ctx: 0,
            stack_state: [
                0,
                0,
                0,
                0,
                0,
                0,
                0,
                0,
                0,
                0,
                0,
                0,
                0,
                0,
                0,
                0,
            ],
            stack_words: [
                Word(
                    [
                        0,
                        0,
                        0,
                        0,
                    ],
                ),
                Word(
                    [
                        0,
                        0,
                        0,
                        0,
                    ],
                ),
                Word(
                    [
                        0,
                        0,
                        0,
                        0,
                    ],
                ),
                Word(
                    [
                        0,
                        0,
                        0,
                        0,
                    ],
                ),
            ],
            mem_state: [
                (
                    MemoryAddress(
                        4294967292,
                    ),
                    0,
                ),
                (
                    MemoryAddress(
                        4294967293,
                    ),
                    0,
                ),
                (
                    MemoryAddress(
                        4294967294,
                    ),
                    2147483648,
                ),
                (
                    MemoryAddress(
                        4294967295,
                    ),
                    0,
                ),
            ],
        },
    ],
    5: [
        ProcessorStateSnapshot {
            clk: 122,
            ctx: 0,
            stack_state: [
                7,
                6,
                5,
                4,
                3,
                2,
                1,
                0,
                0,
                0,
                0,
                0,
                0,
                0,
                0,
                0,
                0,
                0,
                0,
                0,
                0,
                0,
                0,
                0,
            ],
            stack_words: [
                Word(
                    [
                        7,
                        6,
                        5,
                        4,
                    ],
                ),
                Word(
                    [
                        3,
                        2,
                        1,
                        0,
                    ],
                ),
                Word(
                    [
                        0,
                        0,
                        0,
                        0,
                    ],
                ),
                Word(
                    [
                        0,
                        0,
                        0,
                        0,
                    ],
                ),
            ],
            mem_state: [
                (
                    MemoryAddress(
                        4294967292,
                    ),
                    0,
                ),
                (
                    MemoryAddress(
                        4294967293,
                    ),
                    0,
                ),
                (
                    MemoryAddress(
                        4294967294,
                    ),
                    2147483648,
                ),
                (
                    MemoryAddress(
                        4294967295,
                    ),
                    0,
                ),
            ],
        },
    ],
    6: [
        ProcessorStateSnapshot {
            clk: 143,
            ctx: 0,
            stack_state: [
                6,
                5,
                4,
                3,
                2,
                1,
                0,
                7,
                6,
                5,
                4,
                3,
                2,
                1,
                0,
                0,
                0,
                0,
                0,
                0,
                0,
                0,
                0,
                0,
                0,
                0,
                0,
                0,
                0,
                0,
                0,
            ],
            stack_words: [
                Word(
                    [
                        6,
                        5,
                        4,
                        3,
                    ],
                ),
                Word(
                    [
                        2,
                        1,
                        0,
                        7,
                    ],
                ),
                Word(
                    [
                        6,
                        5,
                        4,
                        3,
                    ],
                ),
                Word(
                    [
                        2,
                        1,
                        0,
                        0,
                    ],
                ),
            ],
            mem_state: [
                (
                    MemoryAddress(
                        4294967292,
                    ),
                    0,
                ),
                (
                    MemoryAddress(
                        4294967293,
                    ),
                    0,
                ),
                (
                    MemoryAddress(
                        4294967294,
                    ),
                    2147483648,
                ),
                (
                    MemoryAddress(
                        4294967295,
                    ),
                    0,
                ),
            ],
        },
    ],
    7: [
        ProcessorStateSnapshot {
            clk: 156,
            ctx: 0,
            stack_state: [
                5,
                4,
                3,
                2,
                1,
                0,
                0,
                0,
                0,
                0,
                0,
                0,
                0,
                0,
                0,
                0,
                0,
                0,
                0,
                0,
                0,
                0,
            ],
            stack_words: [
                Word(
                    [
                        5,
                        4,
                        3,
                        2,
                    ],
                ),
                Word(
                    [
                        1,
                        0,
                        0,
                        0,
                    ],
                ),
                Word(
                    [
                        0,
                        0,
                        0,
                        0,
                    ],
                ),
                Word(
                    [
                        0,
                        0,
                        0,
                        0,
                    ],
                ),
            ],
            mem_state: [
                (
                    MemoryAddress(
                        4294967292,
                    ),
                    0,
                ),
                (
                    MemoryAddress(
                        4294967293,
                    ),
                    0,
                ),
                (
                    MemoryAddress(
                        4294967294,
                    ),
                    2147483648,
                ),
                (
                    MemoryAddress(
                        4294967295,
                    ),
                    0,
                ),
            ],
        },
    ],
    8: [
        ProcessorStateSnapshot {
            clk: 169,
            ctx: 0,
            stack_state: [
                5,
                4,
                3,
                2,
                1,
                0,
                0,
                0,
                0,
                0,
                0,
                0,
                0,
                0,
                0,
                0,
                0,
                0,
                0,
                0,
                0,
                0,
            ],
            stack_words: [
                Word(
                    [
                        5,
                        4,
                        3,
                        2,
                    ],
                ),
                Word(
                    [
                        1,
                        0,
                        0,
                        0,
                    ],
                ),
                Word(
                    [
                        0,
                        0,
                        0,
                        0,
                    ],
                ),
                Word(
                    [
                        0,
                        0,
                        0,
                        0,
                    ],
                ),
            ],
            mem_state: [
                (
                    MemoryAddress(
                        0,
                    ),
                    42,
                ),
                (
                    MemoryAddress(
                        1,
                    ),
                    0,
                ),
                (
                    MemoryAddress(
                        2,
                    ),
                    0,
                ),
                (
                    MemoryAddress(
                        3,
                    ),
                    0,
                ),
                (
                    MemoryAddress(
                        4294967292,
                    ),
                    0,
                ),
                (
                    MemoryAddress(
                        4294967293,
                    ),
                    0,
                ),
                (
                    MemoryAddress(
                        4294967294,
                    ),
                    2147483648,
                ),
                (
                    MemoryAddress(
                        4294967295,
                    ),
                    0,
                ),
            ],
        },
    ],
    9: [
        ProcessorStateSnapshot {
            clk: 176,
            ctx: 0,
            stack_state: [
                5,
                4,
                3,
                2,
                1,
                0,
                0,
                0,
                0,
                0,
                0,
                0,
                0,
                0,
                0,
                0,
                0,
                0,
                0,
                0,
                0,
                0,
            ],
            stack_words: [
                Word(
                    [
                        5,
                        4,
                        3,
                        2,
                    ],
                ),
                Word(
                    [
                        1,
                        0,
                        0,
                        0,
                    ],
                ),
                Word(
                    [
                        0,
                        0,
                        0,
                        0,
                    ],
                ),
                Word(
                    [
                        0,
                        0,
                        0,
                        0,
                    ],
                ),
            ],
            mem_state: [
                (
                    MemoryAddress(
                        0,
                    ),
                    22,
                ),
                (
                    MemoryAddress(
                        1,
                    ),
                    0,
                ),
                (
                    MemoryAddress(
                        2,
                    ),
                    0,
                ),
                (
                    MemoryAddress(
                        3,
                    ),
                    0,
                ),
                (
                    MemoryAddress(
                        4294967292,
                    ),
                    0,
                ),
                (
                    MemoryAddress(
                        4294967293,
                    ),
                    0,
                ),
                (
                    MemoryAddress(
                        4294967294,
                    ),
                    2147483648,
                ),
                (
                    MemoryAddress(
                        4294967295,
                    ),
                    0,
                ),
            ],
        },
    ],
    10: [
        ProcessorStateSnapshot {
            clk: 179,
            ctx: 0,
            stack_state: [
                5,
                4,
                3,
                2,
                1,
                0,
                0,
                0,
                0,
                0,
                0,
                0,
                0,
                0,
                0,
                0,
                0,
                0,
                0,
                0,
                0,
                0,
            ],
            stack_words: [
                Word(
                    [
                        5,
                        4,
                        3,
                        2,
                    ],
                ),
                Word(
                    [
                        1,
                        0,
                        0,
                        0,
                    ],
                ),
                Word(
                    [
                        0,
                        0,
                        0,
                        0,
                    ],
                ),
                Word(
                    [
                        0,
                        0,
                        0,
                        0,
                    ],
                ),
            ],
            mem_state: [
                (
                    MemoryAddress(
                        0,
                    ),
                    22,
                ),
                (
                    MemoryAddress(
                        1,
                    ),
                    0,
                ),
                (
                    MemoryAddress(
                        2,
                    ),
                    0,
                ),
                (
                    MemoryAddress(
                        3,
                    ),
                    0,
                ),
                (
                    MemoryAddress(
                        4294967292,
                    ),
                    0,
                ),
                (
                    MemoryAddress(
                        4294967293,
                    ),
                    0,
                ),
                (
                    MemoryAddress(
                        4294967294,
                    ),
                    2147483648,
                ),
                (
                    MemoryAddress(
                        4294967295,
                    ),
                    0,
                ),
            ],
        },
    ],
    11: [
        ProcessorStateSnapshot {
            clk: 191,
            ctx: 0,
            stack_state: [
                5,
                4,
                3,
                2,
                1,
                0,
                0,
                0,
                0,
                0,
                0,
                0,
                0,
                0,
                0,
                0,
            ],
            stack_words: [
                Word(
                    [
                        5,
                        4,
                        3,
                        2,
                    ],
                ),
                Word(
                    [
                        1,
                        0,
                        0,
                        0,
                    ],
                ),
                Word(
                    [
                        0,
                        0,
                        0,
                        0,
                    ],
                ),
                Word(
                    [
                        0,
                        0,
                        0,
                        0,
                    ],
                ),
            ],
            mem_state: [
                (
                    MemoryAddress(
                        0,
                    ),
                    22,
                ),
                (
                    MemoryAddress(
                        1,
                    ),
                    0,
                ),
                (
                    MemoryAddress(
                        2,
                    ),
                    0,
                ),
                (
                    MemoryAddress(
                        3,
                    ),
                    0,
                ),
                (
                    MemoryAddress(
                        100,
                    ),
                    2323,
                ),
                (
                    MemoryAddress(
                        101,
                    ),
                    0,
                ),
                (
                    MemoryAddress(
                        102,
                    ),
                    0,
                ),
                (
                    MemoryAddress(
                        103,
                    ),
                    0,
                ),
                (
                    MemoryAddress(
                        4294967292,
                    ),
                    0,
                ),
                (
                    MemoryAddress(
                        4294967293,
                    ),
                    0,
                ),
                (
                    MemoryAddress(
                        4294967294,
                    ),
                    2147483648,
                ),
                (
                    MemoryAddress(
                        4294967295,
                    ),
                    0,
                ),
            ],
        },
        ProcessorStateSnapshot {
            clk: 258,
            ctx: 0,
            stack_state: [
                5,
                4,
                3,
                2,
                1,
                0,
                0,
                0,
                0,
                0,
                0,
                0,
                0,
                0,
                0,
                0,
            ],
            stack_words: [
                Word(
                    [
                        5,
                        4,
                        3,
                        2,
                    ],
                ),
                Word(
                    [
                        1,
                        0,
                        0,
                        0,
                    ],
                ),
                Word(
                    [
                        0,
                        0,
                        0,
                        0,
                    ],
                ),
                Word(
                    [
                        0,
                        0,
                        0,
                        0,
                    ],
                ),
            ],
            mem_state: [
                (
                    MemoryAddress(
                        0,
                    ),
                    22,
                ),
                (
                    MemoryAddress(
                        1,
                    ),
                    0,
                ),
                (
                    MemoryAddress(
                        2,
                    ),
                    0,
                ),
                (
                    MemoryAddress(
                        3,
                    ),
                    0,
                ),
                (
                    MemoryAddress(
                        4,
                    ),
                    213737048697428789,
                ),
                (
                    MemoryAddress(
                        5,
                    ),
                    6111767543650393626,
                ),
                (
                    MemoryAddress(
                        6,
                    ),
                    3288947254305561940,
                ),
                (
                    MemoryAddress(
                        7,
                    ),
                    4529197595474084660,
                ),
                (
                    MemoryAddress(
                        8,
                    ),
                    8938071529955861321,
                ),
                (
                    MemoryAddress(
                        9,
                    ),
                    8466642931687234428,
                ),
                (
                    MemoryAddress(
                        10,
                    ),
                    8346743098635713383,
                ),
                (
                    MemoryAddress(
                        11,
                    ),
                    3059927616944326942,
                ),
                (
                    MemoryAddress(
                        100,
                    ),
                    2323,
                ),
                (
                    MemoryAddress(
                        101,
                    ),
                    0,
                ),
                (
                    MemoryAddress(
                        102,
                    ),
                    0,
                ),
                (
                    MemoryAddress(
                        103,
                    ),
                    0,
                ),
                (
                    MemoryAddress(
                        4294967292,
                    ),
                    0,
                ),
                (
                    MemoryAddress(
                        4294967293,
                    ),
                    0,
                ),
                (
                    MemoryAddress(
                        4294967294,
                    ),
                    2147483648,
                ),
                (
                    MemoryAddress(
                        4294967295,
                    ),
                    0,
                ),
            ],
        },
    ],
    12: [
        ProcessorStateSnapshot {
            clk: 202,
            ctx: 0,
            stack_state: [
                5,
                4,
                3,
                2,
                1,
                0,
                0,
                0,
                0,
                0,
                0,
                0,
                0,
                0,
                0,
                0,
                0,
                0,
                0,
                0,
                0,
                0,
            ],
            stack_words: [
                Word(
                    [
                        5,
                        4,
                        3,
                        2,
                    ],
                ),
                Word(
                    [
                        1,
                        0,
                        0,
                        0,
                    ],
                ),
                Word(
                    [
                        0,
                        0,
                        0,
                        0,
                    ],
                ),
                Word(
                    [
                        0,
                        0,
                        0,
                        0,
                    ],
                ),
            ],
            mem_state: [
                (
                    MemoryAddress(
                        0,
                    ),
                    22,
                ),
                (
                    MemoryAddress(
                        1,
                    ),
                    0,
                ),
                (
                    MemoryAddress(
                        2,
                    ),
                    0,
                ),
                (
                    MemoryAddress(
                        3,
                    ),
                    0,
                ),
                (
                    MemoryAddress(
                        100,
                    ),
                    2323,
                ),
                (
                    MemoryAddress(
                        101,
                    ),
                    0,
                ),
                (
                    MemoryAddress(
                        102,
                    ),
                    0,
                ),
                (
                    MemoryAddress(
                        103,
                    ),
                    0,
                ),
                (
                    MemoryAddress(
                        4294967292,
                    ),
                    0,
                ),
                (
                    MemoryAddress(
                        4294967293,
                    ),
                    0,
                ),
                (
                    MemoryAddress(
                        4294967294,
                    ),
                    2147483648,
                ),
                (
                    MemoryAddress(
                        4294967295,
                    ),
                    0,
                ),
            ],
        },
    ],
    13: [
        ProcessorStateSnapshot {
            clk: 234,
            ctx: 0,
            stack_state: [
                5,
                4,
                3,
                2,
                1,
                0,
                0,
                0,
                0,
                0,
                0,
                0,
                0,
                0,
                0,
                0,
                0,
                0,
                0,
                0,
                0,
                0,
            ],
            stack_words: [
                Word(
                    [
                        5,
                        4,
                        3,
                        2,
                    ],
                ),
                Word(
                    [
                        1,
                        0,
                        0,
                        0,
                    ],
                ),
                Word(
                    [
                        0,
                        0,
                        0,
                        0,
                    ],
                ),
                Word(
                    [
                        0,
                        0,
                        0,
                        0,
                    ],
                ),
            ],
            mem_state: [
                (
                    MemoryAddress(
                        0,
                    ),
                    22,
                ),
                (
                    MemoryAddress(
                        1,
                    ),
                    0,
                ),
                (
                    MemoryAddress(
                        2,
                    ),
                    0,
                ),
                (
                    MemoryAddress(
                        3,
                    ),
                    0,
                ),
                (
                    MemoryAddress(
                        4,
                    ),
                    213737048697428789,
                ),
                (
                    MemoryAddress(
                        5,
                    ),
                    6111767543650393626,
                ),
                (
                    MemoryAddress(
                        6,
                    ),
                    3288947254305561940,
                ),
                (
                    MemoryAddress(
                        7,
                    ),
                    4529197595474084660,
                ),
                (
                    MemoryAddress(
                        100,
                    ),
                    2323,
                ),
                (
                    MemoryAddress(
                        101,
                    ),
                    0,
                ),
                (
                    MemoryAddress(
                        102,
                    ),
                    0,
                ),
                (
                    MemoryAddress(
                        103,
                    ),
                    0,
                ),
                (
                    MemoryAddress(
                        4294967292,
                    ),
                    0,
                ),
                (
                    MemoryAddress(
                        4294967293,
                    ),
                    0,
                ),
                (
                    MemoryAddress(
                        4294967294,
                    ),
                    2147483648,
                ),
                (
                    MemoryAddress(
                        4294967295,
                    ),
                    0,
                ),
            ],
        },
    ],
    14: [
        ProcessorStateSnapshot {
            clk: 271,
            ctx: 0,
            stack_state: [
                5,
                4,
                3,
                2,
                1,
                0,
                0,
                0,
                0,
                0,
                0,
                0,
                0,
                0,
                0,
                0,
                0,
                0,
                0,
                0,
                0,
                0,
            ],
            stack_words: [
                Word(
                    [
                        5,
                        4,
                        3,
                        2,
                    ],
                ),
                Word(
                    [
                        1,
                        0,
                        0,
                        0,
                    ],
                ),
                Word(
                    [
                        0,
                        0,
                        0,
                        0,
                    ],
                ),
                Word(
                    [
                        0,
                        0,
                        0,
                        0,
                    ],
                ),
            ],
            mem_state: [
                (
                    MemoryAddress(
                        0,
                    ),
                    22,
                ),
                (
                    MemoryAddress(
                        1,
                    ),
                    0,
                ),
                (
                    MemoryAddress(
                        2,
                    ),
                    0,
                ),
                (
                    MemoryAddress(
                        3,
                    ),
                    0,
                ),
                (
                    MemoryAddress(
                        4,
                    ),
                    213737048697428789,
                ),
                (
                    MemoryAddress(
                        5,
                    ),
                    6111767543650393626,
                ),
                (
                    MemoryAddress(
                        6,
                    ),
                    3288947254305561940,
                ),
                (
                    MemoryAddress(
                        7,
                    ),
                    4529197595474084660,
                ),
                (
                    MemoryAddress(
                        8,
                    ),
                    8938071529955861321,
                ),
                (
                    MemoryAddress(
                        9,
                    ),
                    8466642931687234428,
                ),
                (
                    MemoryAddress(
                        10,
                    ),
                    8346743098635713383,
                ),
                (
                    MemoryAddress(
                        11,
                    ),
                    3059927616944326942,
                ),
                (
                    MemoryAddress(
                        100,
                    ),
                    2323,
                ),
                (
                    MemoryAddress(
                        101,
                    ),
                    0,
                ),
                (
                    MemoryAddress(
                        102,
                    ),
                    0,
                ),
                (
                    MemoryAddress(
                        103,
                    ),
                    0,
                ),
                (
                    MemoryAddress(
                        4294967292,
                    ),
                    0,
                ),
                (
                    MemoryAddress(
                        4294967293,
                    ),
                    0,
                ),
                (
                    MemoryAddress(
                        4294967294,
                    ),
                    2147483648,
                ),
                (
                    MemoryAddress(
                        4294967295,
                    ),
                    0,
                ),
            ],
        },
    ],
    15: [
        ProcessorStateSnapshot {
            clk: 303,
            ctx: 0,
            stack_state: [
                5,
                4,
                3,
                2,
                1,
                0,
                0,
                0,
                0,
                0,
                0,
                0,
                0,
                0,
                0,
                0,
                0,
                0,
                0,
                0,
                0,
                0,
            ],
            stack_words: [
                Word(
                    [
                        5,
                        4,
                        3,
                        2,
                    ],
                ),
                Word(
                    [
                        1,
                        0,
                        0,
                        0,
                    ],
                ),
                Word(
                    [
                        0,
                        0,
                        0,
                        0,
                    ],
                ),
                Word(
                    [
                        0,
                        0,
                        0,
                        0,
                    ],
                ),
            ],
            mem_state: [
                (
                    MemoryAddress(
                        0,
                    ),
                    24,
                ),
                (
                    MemoryAddress(
                        1,
                    ),
                    0,
                ),
                (
                    MemoryAddress(
                        2,
                    ),
                    0,
                ),
                (
                    MemoryAddress(
                        3,
                    ),
                    0,
                ),
                (
                    MemoryAddress(
                        4,
                    ),
                    2244584234040488949,
                ),
                (
                    MemoryAddress(
                        5,
                    ),
                    6696430145157039678,
                ),
                (
                    MemoryAddress(
                        6,
                    ),
                    5022076320776565121,
                ),
                (
                    MemoryAddress(
                        7,
                    ),
                    1464092516974980354,
                ),
                (
                    MemoryAddress(
                        8,
                    ),
                    8938071529955861321,
                ),
                (
                    MemoryAddress(
                        9,
                    ),
                    8466642931687234428,
                ),
                (
                    MemoryAddress(
                        10,
                    ),
                    8346743098635713383,
                ),
                (
                    MemoryAddress(
                        11,
                    ),
                    3059927616944326942,
                ),
                (
                    MemoryAddress(
                        100,
                    ),
                    2323,
                ),
                (
                    MemoryAddress(
                        101,
                    ),
                    0,
                ),
                (
                    MemoryAddress(
                        102,
                    ),
                    0,
                ),
                (
                    MemoryAddress(
                        103,
                    ),
                    0,
                ),
                (
                    MemoryAddress(
                        4294967292,
                    ),
                    0,
                ),
                (
                    MemoryAddress(
                        4294967293,
                    ),
                    0,
                ),
                (
                    MemoryAddress(
                        4294967294,
                    ),
                    2147483648,
                ),
                (
                    MemoryAddress(
                        4294967295,
                    ),
                    0,
                ),
            ],
        },
    ],
    16: [
        ProcessorStateSnapshot {
            clk: 313,
            ctx: 0,
            stack_state: [
                1,
                5,
                4,
                3,
                2,
                1,
                0,
                0,
                0,
                0,
                0,
                0,
                0,
                0,
                0,
                0,
                0,
                0,
                0,
                0,
                0,
                0,
                0,
            ],
            stack_words: [
                Word(
                    [
                        1,
                        5,
                        4,
                        3,
                    ],
                ),
                Word(
                    [
                        2,
                        1,
                        0,
                        0,
                    ],
                ),
                Word(
                    [
                        0,
                        0,
                        0,
                        0,
                    ],
                ),
                Word(
                    [
                        0,
                        0,
                        0,
                        0,
                    ],
                ),
            ],
            mem_state: [
                (
                    MemoryAddress(
                        0,
                    ),
                    24,
                ),
                (
                    MemoryAddress(
                        1,
                    ),
                    0,
                ),
                (
                    MemoryAddress(
                        2,
                    ),
                    0,
                ),
                (
                    MemoryAddress(
                        3,
                    ),
                    0,
                ),
                (
                    MemoryAddress(
                        4,
                    ),
                    2244584234040488949,
                ),
                (
                    MemoryAddress(
                        5,
                    ),
                    6696430145157039678,
                ),
                (
                    MemoryAddress(
                        6,
                    ),
                    5022076320776565121,
                ),
                (
                    MemoryAddress(
                        7,
                    ),
                    1464092516974980354,
                ),
                (
                    MemoryAddress(
                        8,
                    ),
                    8938071529955861321,
                ),
                (
                    MemoryAddress(
                        9,
                    ),
                    8466642931687234428,
                ),
                (
                    MemoryAddress(
                        10,
                    ),
                    8346743098635713383,
                ),
                (
                    MemoryAddress(
                        11,
                    ),
                    3059927616944326942,
                ),
                (
                    MemoryAddress(
                        100,
                    ),
                    2323,
                ),
                (
                    MemoryAddress(
                        101,
                    ),
                    0,
                ),
                (
                    MemoryAddress(
                        102,
                    ),
                    0,
                ),
                (
                    MemoryAddress(
                        103,
                    ),
                    0,
                ),
                (
                    MemoryAddress(
                        4294967292,
                    ),
                    0,
                ),
                (
                    MemoryAddress(
                        4294967293,
                    ),
                    0,
                ),
                (
                    MemoryAddress(
                        4294967294,
                    ),
                    2147483648,
                ),
                (
                    MemoryAddress(
                        4294967295,
                    ),
                    0,
                ),
            ],
        },
    ],
    17: [
        ProcessorStateSnapshot {
            clk: 321,
            ctx: 0,
            stack_state: [
                5,
                4,
                3,
                2,
                1,
                0,
                0,
                0,
                0,
                0,
                0,
                0,
                0,
                0,
                0,
                0,
                0,
                0,
                0,
                0,
                0,
                0,
            ],
            stack_words: [
                Word(
                    [
                        5,
                        4,
                        3,
                        2,
                    ],
                ),
                Word(
                    [
                        1,
                        0,
                        0,
                        0,
                    ],
                ),
                Word(
                    [
                        0,
                        0,
                        0,
                        0,
                    ],
                ),
                Word(
                    [
                        0,
                        0,
                        0,
                        0,
                    ],
                ),
            ],
            mem_state: [
                (
                    MemoryAddress(
                        0,
                    ),
                    24,
                ),
                (
                    MemoryAddress(
                        1,
                    ),
                    0,
                ),
                (
                    MemoryAddress(
                        2,
                    ),
                    0,
                ),
                (
                    MemoryAddress(
                        3,
                    ),
                    0,
                ),
                (
                    MemoryAddress(
                        4,
                    ),
                    2244584234040488949,
                ),
                (
                    MemoryAddress(
                        5,
                    ),
                    6696430145157039678,
                ),
                (
                    MemoryAddress(
                        6,
                    ),
                    5022076320776565121,
                ),
                (
                    MemoryAddress(
                        7,
                    ),
                    1464092516974980354,
                ),
                (
                    MemoryAddress(
                        8,
                    ),
                    8938071529955861321,
                ),
                (
                    MemoryAddress(
                        9,
                    ),
                    8466642931687234428,
                ),
                (
                    MemoryAddress(
                        10,
                    ),
                    8346743098635713383,
                ),
                (
                    MemoryAddress(
                        11,
                    ),
                    3059927616944326942,
                ),
                (
                    MemoryAddress(
                        100,
                    ),
                    2323,
                ),
                (
                    MemoryAddress(
                        101,
                    ),
                    0,
                ),
                (
                    MemoryAddress(
                        102,
                    ),
                    0,
                ),
                (
                    MemoryAddress(
                        103,
                    ),
                    0,
                ),
                (
                    MemoryAddress(
                        4294967292,
                    ),
                    0,
                ),
                (
                    MemoryAddress(
                        4294967293,
                    ),
                    0,
                ),
                (
                    MemoryAddress(
                        4294967294,
                    ),
                    2147483648,
                ),
                (
                    MemoryAddress(
                        4294967295,
                    ),
                    0,
                ),
            ],
        },
    ],
    18: [
        ProcessorStateSnapshot {
            clk: 330,
            ctx: 0,
            stack_state: [
                0,
                5,
                4,
                3,
                2,
                1,
                0,
                0,
                0,
                0,
                0,
                0,
                0,
                0,
                0,
                0,
                0,
                0,
                0,
                0,
                0,
                0,
                0,
            ],
            stack_words: [
                Word(
                    [
                        0,
                        5,
                        4,
                        3,
                    ],
                ),
                Word(
                    [
                        2,
                        1,
                        0,
                        0,
                    ],
                ),
                Word(
                    [
                        0,
                        0,
                        0,
                        0,
                    ],
                ),
                Word(
                    [
                        0,
                        0,
                        0,
                        0,
                    ],
                ),
            ],
            mem_state: [
                (
                    MemoryAddress(
                        0,
                    ),
                    24,
                ),
                (
                    MemoryAddress(
                        1,
                    ),
                    0,
                ),
                (
                    MemoryAddress(
                        2,
                    ),
                    0,
                ),
                (
                    MemoryAddress(
                        3,
                    ),
                    0,
                ),
                (
                    MemoryAddress(
                        4,
                    ),
                    2244584234040488949,
                ),
                (
                    MemoryAddress(
                        5,
                    ),
                    6696430145157039678,
                ),
                (
                    MemoryAddress(
                        6,
                    ),
                    5022076320776565121,
                ),
                (
                    MemoryAddress(
                        7,
                    ),
                    1464092516974980354,
                ),
                (
                    MemoryAddress(
                        8,
                    ),
                    8938071529955861321,
                ),
                (
                    MemoryAddress(
                        9,
                    ),
                    8466642931687234428,
                ),
                (
                    MemoryAddress(
                        10,
                    ),
                    8346743098635713383,
                ),
                (
                    MemoryAddress(
                        11,
                    ),
                    3059927616944326942,
                ),
                (
                    MemoryAddress(
                        100,
                    ),
                    2323,
                ),
                (
                    MemoryAddress(
                        101,
                    ),
                    0,
                ),
                (
                    MemoryAddress(
                        102,
                    ),
                    0,
                ),
                (
                    MemoryAddress(
                        103,
                    ),
                    0,
                ),
                (
                    MemoryAddress(
                        4294967292,
                    ),
                    0,
                ),
                (
                    MemoryAddress(
                        4294967293,
                    ),
                    0,
                ),
                (
                    MemoryAddress(
                        4294967294,
                    ),
                    2147483648,
                ),
                (
                    MemoryAddress(
                        4294967295,
                    ),
                    0,
                ),
            ],
        },
    ],
    19: [
        ProcessorStateSnapshot {
            clk: 338,
            ctx: 0,
            stack_state: [
                5,
                4,
                3,
                2,
                1,
                0,
                0,
                0,
                0,
                0,
                0,
                0,
                0,
                0,
                0,
                0,
                0,
                0,
                0,
                0,
                0,
                0,
            ],
            stack_words: [
                Word(
                    [
                        5,
                        4,
                        3,
                        2,
                    ],
                ),
                Word(
                    [
                        1,
                        0,
                        0,
                        0,
                    ],
                ),
                Word(
                    [
                        0,
                        0,
                        0,
                        0,
                    ],
                ),
                Word(
                    [
                        0,
                        0,
                        0,
                        0,
                    ],
                ),
            ],
            mem_state: [
                (
                    MemoryAddress(
                        0,
                    ),
                    24,
                ),
                (
                    MemoryAddress(
                        1,
                    ),
                    0,
                ),
                (
                    MemoryAddress(
                        2,
                    ),
                    0,
                ),
                (
                    MemoryAddress(
                        3,
                    ),
                    0,
                ),
                (
                    MemoryAddress(
                        4,
                    ),
                    2244584234040488949,
                ),
                (
                    MemoryAddress(
                        5,
                    ),
                    6696430145157039678,
                ),
                (
                    MemoryAddress(
                        6,
                    ),
                    5022076320776565121,
                ),
                (
                    MemoryAddress(
                        7,
                    ),
                    1464092516974980354,
                ),
                (
                    MemoryAddress(
                        8,
                    ),
                    8938071529955861321,
                ),
                (
                    MemoryAddress(
                        9,
                    ),
                    8466642931687234428,
                ),
                (
                    MemoryAddress(
                        10,
                    ),
                    8346743098635713383,
                ),
                (
                    MemoryAddress(
                        11,
                    ),
                    3059927616944326942,
                ),
                (
                    MemoryAddress(
                        100,
                    ),
                    2323,
                ),
                (
                    MemoryAddress(
                        101,
                    ),
                    0,
                ),
                (
                    MemoryAddress(
                        102,
                    ),
                    0,
                ),
                (
                    MemoryAddress(
                        103,
                    ),
                    0,
                ),
                (
                    MemoryAddress(
                        4294967292,
                    ),
                    0,
                ),
                (
                    MemoryAddress(
                        4294967293,
                    ),
                    0,
                ),
                (
                    MemoryAddress(
                        4294967294,
                    ),
                    2147483648,
                ),
                (
                    MemoryAddress(
                        4294967295,
                    ),
                    0,
                ),
            ],
        },
    ],
    20: [
        ProcessorStateSnapshot {
            clk: 355,
            ctx: 0,
            stack_state: [
                3,
                5,
                4,
                3,
                2,
                1,
                0,
                0,
                0,
                0,
                0,
                0,
                0,
                0,
                0,
                0,
                0,
                0,
                0,
                0,
                0,
                0,
                0,
            ],
            stack_words: [
                Word(
                    [
                        3,
                        5,
                        4,
                        3,
                    ],
                ),
                Word(
                    [
                        2,
                        1,
                        0,
                        0,
                    ],
                ),
                Word(
                    [
                        0,
                        0,
                        0,
                        0,
                    ],
                ),
                Word(
                    [
                        0,
                        0,
                        0,
                        0,
                    ],
                ),
            ],
            mem_state: [
                (
                    MemoryAddress(
                        0,
                    ),
                    24,
                ),
                (
                    MemoryAddress(
                        1,
                    ),
                    0,
                ),
                (
                    MemoryAddress(
                        2,
                    ),
                    0,
                ),
                (
                    MemoryAddress(
                        3,
                    ),
                    0,
                ),
                (
                    MemoryAddress(
                        4,
                    ),
                    2244584234040488949,
                ),
                (
                    MemoryAddress(
                        5,
                    ),
                    6696430145157039678,
                ),
                (
                    MemoryAddress(
                        6,
                    ),
                    5022076320776565121,
                ),
                (
                    MemoryAddress(
                        7,
                    ),
                    1464092516974980354,
                ),
                (
                    MemoryAddress(
                        8,
                    ),
                    8938071529955861321,
                ),
                (
                    MemoryAddress(
                        9,
                    ),
                    8466642931687234428,
                ),
                (
                    MemoryAddress(
                        10,
                    ),
                    8346743098635713383,
                ),
                (
                    MemoryAddress(
                        11,
                    ),
                    3059927616944326942,
                ),
                (
                    MemoryAddress(
                        100,
                    ),
                    2323,
                ),
                (
                    MemoryAddress(
                        101,
                    ),
                    0,
                ),
                (
                    MemoryAddress(
                        102,
                    ),
                    0,
                ),
                (
                    MemoryAddress(
                        103,
                    ),
                    0,
                ),
                (
                    MemoryAddress(
                        4294967292,
                    ),
                    0,
                ),
                (
                    MemoryAddress(
                        4294967293,
                    ),
                    0,
                ),
                (
                    MemoryAddress(
                        4294967294,
                    ),
                    2147483648,
                ),
                (
                    MemoryAddress(
                        4294967295,
                    ),
                    0,
                ),
            ],
        },
        ProcessorStateSnapshot {
            clk: 367,
            ctx: 0,
            stack_state: [
                2,
                5,
                4,
                3,
                2,
                1,
                0,
                0,
                0,
                0,
                0,
                0,
                0,
                0,
                0,
                0,
                0,
                0,
                0,
                0,
                0,
                0,
                0,
            ],
            stack_words: [
                Word(
                    [
                        2,
                        5,
                        4,
                        3,
                    ],
                ),
                Word(
                    [
                        2,
                        1,
                        0,
                        0,
                    ],
                ),
                Word(
                    [
                        0,
                        0,
                        0,
                        0,
                    ],
                ),
                Word(
                    [
                        0,
                        0,
                        0,
                        0,
                    ],
                ),
            ],
            mem_state: [
                (
                    MemoryAddress(
                        0,
                    ),
                    24,
                ),
                (
                    MemoryAddress(
                        1,
                    ),
                    0,
                ),
                (
                    MemoryAddress(
                        2,
                    ),
                    0,
                ),
                (
                    MemoryAddress(
                        3,
                    ),
                    0,
                ),
                (
                    MemoryAddress(
                        4,
                    ),
                    2244584234040488949,
                ),
                (
                    MemoryAddress(
                        5,
                    ),
                    6696430145157039678,
                ),
                (
                    MemoryAddress(
                        6,
                    ),
                    5022076320776565121,
                ),
                (
                    MemoryAddress(
                        7,
                    ),
                    1464092516974980354,
                ),
                (
                    MemoryAddress(
                        8,
                    ),
                    8938071529955861321,
                ),
                (
                    MemoryAddress(
                        9,
                    ),
                    8466642931687234428,
                ),
                (
                    MemoryAddress(
                        10,
                    ),
                    8346743098635713383,
                ),
                (
                    MemoryAddress(
                        11,
                    ),
                    3059927616944326942,
                ),
                (
                    MemoryAddress(
                        100,
                    ),
                    2323,
                ),
                (
                    MemoryAddress(
                        101,
                    ),
                    0,
                ),
                (
                    MemoryAddress(
                        102,
                    ),
                    0,
                ),
                (
                    MemoryAddress(
                        103,
                    ),
                    0,
                ),
                (
                    MemoryAddress(
                        4294967292,
                    ),
                    0,
                ),
                (
                    MemoryAddress(
                        4294967293,
                    ),
                    0,
                ),
                (
                    MemoryAddress(
                        4294967294,
                    ),
                    2147483648,
                ),
                (
                    MemoryAddress(
                        4294967295,
                    ),
                    0,
                ),
            ],
        },
        ProcessorStateSnapshot {
            clk: 379,
            ctx: 0,
            stack_state: [
                1,
                5,
                4,
                3,
                2,
                1,
                0,
                0,
                0,
                0,
                0,
                0,
                0,
                0,
                0,
                0,
                0,
                0,
                0,
                0,
                0,
                0,
                0,
            ],
            stack_words: [
                Word(
                    [
                        1,
                        5,
                        4,
                        3,
                    ],
                ),
                Word(
                    [
                        2,
                        1,
                        0,
                        0,
                    ],
                ),
                Word(
                    [
                        0,
                        0,
                        0,
                        0,
                    ],
                ),
                Word(
                    [
                        0,
                        0,
                        0,
                        0,
                    ],
                ),
            ],
            mem_state: [
                (
                    MemoryAddress(
                        0,
                    ),
                    24,
                ),
                (
                    MemoryAddress(
                        1,
                    ),
                    0,
                ),
                (
                    MemoryAddress(
                        2,
                    ),
                    0,
                ),
                (
                    MemoryAddress(
                        3,
                    ),
                    0,
                ),
                (
                    MemoryAddress(
                        4,
                    ),
                    2244584234040488949,
                ),
                (
                    MemoryAddress(
                        5,
                    ),
                    6696430145157039678,
                ),
                (
                    MemoryAddress(
                        6,
                    ),
                    5022076320776565121,
                ),
                (
                    MemoryAddress(
                        7,
                    ),
                    1464092516974980354,
                ),
                (
                    MemoryAddress(
                        8,
                    ),
                    8938071529955861321,
                ),
                (
                    MemoryAddress(
                        9,
                    ),
                    8466642931687234428,
                ),
                (
                    MemoryAddress(
                        10,
                    ),
                    8346743098635713383,
                ),
                (
                    MemoryAddress(
                        11,
                    ),
                    3059927616944326942,
                ),
                (
                    MemoryAddress(
                        100,
                    ),
                    2323,
                ),
                (
                    MemoryAddress(
                        101,
                    ),
                    0,
                ),
                (
                    MemoryAddress(
                        102,
                    ),
                    0,
                ),
                (
                    MemoryAddress(
                        103,
                    ),
                    0,
                ),
                (
                    MemoryAddress(
                        4294967292,
                    ),
                    0,
                ),
                (
                    MemoryAddress(
                        4294967293,
                    ),
                    0,
                ),
                (
                    MemoryAddress(
                        4294967294,
                    ),
                    2147483648,
                ),
                (
                    MemoryAddress(
                        4294967295,
                    ),
                    0,
                ),
            ],
        },
    ],
    21: [
        ProcessorStateSnapshot {
            clk: 393,
            ctx: 0,
            stack_state: [
                0,
                5,
                4,
                3,
                2,
                1,
                0,
                0,
                0,
                0,
                0,
                0,
                0,
                0,
                0,
                0,
                0,
                0,
                0,
                0,
                0,
                0,
                0,
            ],
            stack_words: [
                Word(
                    [
                        0,
                        5,
                        4,
                        3,
                    ],
                ),
                Word(
                    [
                        2,
                        1,
                        0,
                        0,
                    ],
                ),
                Word(
                    [
                        0,
                        0,
                        0,
                        0,
                    ],
                ),
                Word(
                    [
                        0,
                        0,
                        0,
                        0,
                    ],
                ),
            ],
            mem_state: [
                (
                    MemoryAddress(
                        0,
                    ),
                    24,
                ),
                (
                    MemoryAddress(
                        1,
                    ),
                    0,
                ),
                (
                    MemoryAddress(
                        2,
                    ),
                    0,
                ),
                (
                    MemoryAddress(
                        3,
                    ),
                    0,
                ),
                (
                    MemoryAddress(
                        4,
                    ),
                    2244584234040488949,
                ),
                (
                    MemoryAddress(
                        5,
                    ),
                    6696430145157039678,
                ),
                (
                    MemoryAddress(
                        6,
                    ),
                    5022076320776565121,
                ),
                (
                    MemoryAddress(
                        7,
                    ),
                    1464092516974980354,
                ),
                (
                    MemoryAddress(
                        8,
                    ),
                    8938071529955861321,
                ),
                (
                    MemoryAddress(
                        9,
                    ),
                    8466642931687234428,
                ),
                (
                    MemoryAddress(
                        10,
                    ),
                    8346743098635713383,
                ),
                (
                    MemoryAddress(
                        11,
                    ),
                    3059927616944326942,
                ),
                (
                    MemoryAddress(
                        100,
                    ),
                    2323,
                ),
                (
                    MemoryAddress(
                        101,
                    ),
                    0,
                ),
                (
                    MemoryAddress(
                        102,
                    ),
                    0,
                ),
                (
                    MemoryAddress(
                        103,
                    ),
                    0,
                ),
                (
                    MemoryAddress(
                        4294967292,
                    ),
                    0,
                ),
                (
                    MemoryAddress(
                        4294967293,
                    ),
                    0,
                ),
                (
                    MemoryAddress(
                        4294967294,
                    ),
                    2147483648,
                ),
                (
                    MemoryAddress(
                        4294967295,
                    ),
                    0,
                ),
            ],
        },
    ],
    22: [
        ProcessorStateSnapshot {
            clk: 475,
            ctx: 0,
            stack_state: [
                0,
                5,
                4,
                3,
                2,
                1,
                0,
                0,
                0,
                0,
                0,
                0,
                0,
                0,
                0,
                0,
            ],
            stack_words: [
                Word(
                    [
                        0,
                        5,
                        4,
                        3,
                    ],
                ),
                Word(
                    [
                        2,
                        1,
                        0,
                        0,
                    ],
                ),
                Word(
                    [
                        0,
                        0,
                        0,
                        0,
                    ],
                ),
                Word(
                    [
                        0,
                        0,
                        0,
                        0,
                    ],
                ),
            ],
            mem_state: [
                (
                    MemoryAddress(
                        0,
                    ),
                    24,
                ),
                (
                    MemoryAddress(
                        1,
                    ),
                    0,
                ),
                (
                    MemoryAddress(
                        2,
                    ),
                    0,
                ),
                (
                    MemoryAddress(
                        3,
                    ),
                    0,
                ),
                (
                    MemoryAddress(
                        4,
                    ),
                    2244584234040488949,
                ),
                (
                    MemoryAddress(
                        5,
                    ),
                    6696430145157039678,
                ),
                (
                    MemoryAddress(
                        6,
                    ),
                    5022076320776565121,
                ),
                (
                    MemoryAddress(
                        7,
                    ),
                    1464092516974980354,
                ),
                (
                    MemoryAddress(
                        8,
                    ),
                    8938071529955861321,
                ),
                (
                    MemoryAddress(
                        9,
                    ),
                    8466642931687234428,
                ),
                (
                    MemoryAddress(
                        10,
                    ),
                    8346743098635713383,
                ),
                (
                    MemoryAddress(
                        11,
                    ),
                    3059927616944326942,
                ),
                (
                    MemoryAddress(
                        100,
                    ),
                    2323,
                ),
                (
                    MemoryAddress(
                        101,
                    ),
                    0,
                ),
                (
                    MemoryAddress(
                        102,
                    ),
                    0,
                ),
                (
                    MemoryAddress(
                        103,
                    ),
                    0,
                ),
                (
                    MemoryAddress(
                        2147483648,
                    ),
                    3,
                ),
                (
                    MemoryAddress(
                        2147483649,
                    ),
                    4,
                ),
                (
                    MemoryAddress(
                        2147483650,
                    ),
                    5,
                ),
                (
                    MemoryAddress(
                        2147483651,
                    ),
                    0,
                ),
                (
                    MemoryAddress(
                        4294967292,
                    ),
                    0,
                ),
                (
                    MemoryAddress(
                        4294967293,
                    ),
                    0,
                ),
                (
                    MemoryAddress(
                        4294967294,
                    ),
                    2147483648,
                ),
                (
                    MemoryAddress(
                        4294967295,
                    ),
                    0,
                ),
            ],
        },
    ],
    100: [
        ProcessorStateSnapshot {
            clk: 225,
            ctx: 219,
            stack_state: [
                5,
                4,
                3,
                2,
                1,
                0,
                0,
                0,
                0,
                0,
                0,
                0,
                0,
                0,
                0,
                0,
            ],
            stack_words: [
                Word(
                    [
                        5,
                        4,
                        3,
                        2,
                    ],
                ),
                Word(
                    [
                        1,
                        0,
                        0,
                        0,
                    ],
                ),
                Word(
                    [
                        0,
                        0,
                        0,
                        0,
                    ],
                ),
                Word(
                    [
                        0,
                        0,
                        0,
                        0,
                    ],
                ),
            ],
            mem_state: [
                (
                    MemoryAddress(
                        0,
                    ),
                    23,
                ),
                (
                    MemoryAddress(
                        1,
                    ),
                    0,
                ),
                (
                    MemoryAddress(
                        2,
                    ),
                    0,
                ),
                (
                    MemoryAddress(
                        3,
                    ),
                    0,
                ),
                (
                    MemoryAddress(
                        4294967292,
                    ),
                    0,
                ),
                (
                    MemoryAddress(
                        4294967293,
                    ),
                    0,
                ),
                (
                    MemoryAddress(
                        4294967294,
                    ),
                    2147483648,
                ),
                (
                    MemoryAddress(
                        4294967295,
                    ),
                    0,
                ),
            ],
        },
    ],
    101: [
        ProcessorStateSnapshot {
            clk: 294,
            ctx: 0,
            stack_state: [
                5,
                4,
                3,
                2,
                1,
                0,
                0,
                0,
                0,
                0,
                0,
                0,
                0,
                0,
                0,
                0,
                0,
                0,
                0,
                0,
                0,
                0,
            ],
            stack_words: [
                Word(
                    [
                        5,
                        4,
                        3,
                        2,
                    ],
                ),
                Word(
                    [
                        1,
                        0,
                        0,
                        0,
                    ],
                ),
                Word(
                    [
                        0,
                        0,
                        0,
                        0,
                    ],
                ),
                Word(
                    [
                        0,
                        0,
                        0,
                        0,
                    ],
                ),
            ],
            mem_state: [
                (
                    MemoryAddress(
                        0,
                    ),
                    24,
                ),
                (
                    MemoryAddress(
                        1,
                    ),
                    0,
                ),
                (
                    MemoryAddress(
                        2,
                    ),
                    0,
                ),
                (
                    MemoryAddress(
                        3,
                    ),
                    0,
                ),
                (
                    MemoryAddress(
                        4,
                    ),
                    2244584234040488949,
                ),
                (
                    MemoryAddress(
                        5,
                    ),
                    6696430145157039678,
                ),
                (
                    MemoryAddress(
                        6,
                    ),
                    5022076320776565121,
                ),
                (
                    MemoryAddress(
                        7,
                    ),
                    1464092516974980354,
                ),
                (
                    MemoryAddress(
                        8,
                    ),
                    8938071529955861321,
                ),
                (
                    MemoryAddress(
                        9,
                    ),
                    8466642931687234428,
                ),
                (
                    MemoryAddress(
                        10,
                    ),
                    8346743098635713383,
                ),
                (
                    MemoryAddress(
                        11,
                    ),
                    3059927616944326942,
                ),
                (
                    MemoryAddress(
                        100,
                    ),
                    2323,
                ),
                (
                    MemoryAddress(
                        101,
                    ),
                    0,
                ),
                (
                    MemoryAddress(
                        102,
                    ),
                    0,
                ),
                (
                    MemoryAddress(
                        103,
                    ),
                    0,
                ),
                (
                    MemoryAddress(
                        4294967292,
                    ),
                    0,
                ),
                (
                    MemoryAddress(
                        4294967293,
                    ),
                    0,
                ),
                (
                    MemoryAddress(
                        4294967294,
                    ),
                    2147483648,
                ),
                (
                    MemoryAddress(
                        4294967295,
                    ),
                    0,
                ),
            ],
        },
    ],
}
