---
source: processor/src/fast/tests/advice_provider.rs
expression: fast_host.snapshots()
---
{
    0: [
        ProcessorStateSnapshot {
            clk: 10,
            stack_state: [
                0,
                0,
                0,
                0,
                0,
                0,
                0,
                0,
                0,
                0,
                0,
                0,
                0,
                0,
                0,
                0,
            ],
            stack_words: [
                Word(
                    [
                        0,
                        0,
                        0,
                        0,
                    ],
                ),
                Word(
                    [
                        0,
                        0,
                        0,
                        0,
                    ],
                ),
                Word(
                    [
                        0,
                        0,
                        0,
                        0,
                    ],
                ),
                Word(
                    [
                        0,
                        0,
                        0,
                        0,
                    ],
                ),
            ],
            mem_state: [
                (
                    MemoryAddress(
                        4294967292,
                    ),
                    0,
                ),
                (
                    MemoryAddress(
                        4294967293,
                    ),
                    0,
                ),
                (
                    MemoryAddress(
                        4294967294,
                    ),
                    2147483648,
                ),
                (
                    MemoryAddress(
                        4294967295,
                    ),
                    0,
                ),
            ],
        },
    ],
    1: [
        ProcessorStateSnapshot {
            clk: 17,
            stack_state: [
                0,
                0,
                0,
                0,
                0,
                0,
                0,
                0,
                0,
                0,
                0,
                0,
                0,
                0,
                0,
                0,
            ],
            stack_words: [
                Word(
                    [
                        0,
                        0,
                        0,
                        0,
                    ],
                ),
                Word(
                    [
                        0,
                        0,
                        0,
                        0,
                    ],
                ),
                Word(
                    [
                        0,
                        0,
                        0,
                        0,
                    ],
                ),
                Word(
                    [
                        0,
                        0,
                        0,
                        0,
                    ],
                ),
            ],
            mem_state: [
                (
                    MemoryAddress(
                        4294967292,
                    ),
                    0,
                ),
                (
                    MemoryAddress(
                        4294967293,
                    ),
                    0,
                ),
                (
                    MemoryAddress(
                        4294967294,
                    ),
                    2147483648,
                ),
                (
                    MemoryAddress(
                        4294967295,
                    ),
                    0,
                ),
            ],
        },
        ProcessorStateSnapshot {
            clk: 33,
            stack_state: [
                0,
                0,
                0,
                0,
                0,
                0,
                0,
                0,
                0,
                0,
                0,
                0,
                0,
                0,
                0,
                0,
            ],
            stack_words: [
                Word(
                    [
                        0,
                        0,
                        0,
                        0,
                    ],
                ),
                Word(
                    [
                        0,
                        0,
                        0,
                        0,
                    ],
                ),
                Word(
                    [
                        0,
                        0,
                        0,
                        0,
                    ],
                ),
                Word(
                    [
                        0,
                        0,
                        0,
                        0,
                    ],
                ),
            ],
            mem_state: [
                (
                    MemoryAddress(
                        4294967292,
                    ),
                    0,
                ),
                (
                    MemoryAddress(
                        4294967293,
                    ),
                    0,
                ),
                (
                    MemoryAddress(
                        4294967294,
                    ),
                    2147483648,
                ),
                (
                    MemoryAddress(
                        4294967295,
                    ),
                    0,
                ),
            ],
        },
    ],
    2: [
        ProcessorStateSnapshot {
            clk: 49,
            stack_state: [
                0,
                0,
                0,
                0,
                0,
                0,
                0,
                0,
                0,
                0,
                0,
                0,
                0,
                0,
                0,
                0,
            ],
            stack_words: [
                Word(
                    [
                        0,
                        0,
                        0,
                        0,
                    ],
                ),
                Word(
                    [
                        0,
                        0,
                        0,
                        0,
                    ],
                ),
                Word(
                    [
                        0,
                        0,
                        0,
                        0,
                    ],
                ),
                Word(
                    [
                        0,
                        0,
                        0,
                        0,
                    ],
                ),
            ],
            mem_state: [
                (
                    MemoryAddress(
                        4294967292,
                    ),
                    0,
                ),
                (
                    MemoryAddress(
                        4294967293,
                    ),
                    0,
                ),
                (
                    MemoryAddress(
                        4294967294,
                    ),
                    2147483648,
                ),
                (
                    MemoryAddress(
                        4294967295,
                    ),
                    0,
                ),
            ],
        },
    ],
    3: [
        ProcessorStateSnapshot {
            clk: 69,
            stack_state: [
                0,
                0,
                0,
                0,
                0,
                0,
                0,
                0,
                0,
                0,
                0,
                0,
                0,
                0,
                0,
                0,
            ],
            stack_words: [
                Word(
                    [
                        0,
                        0,
                        0,
                        0,
                    ],
                ),
                Word(
                    [
                        0,
                        0,
                        0,
                        0,
                    ],
                ),
                Word(
                    [
                        0,
                        0,
                        0,
                        0,
                    ],
                ),
                Word(
                    [
                        0,
                        0,
                        0,
                        0,
                    ],
                ),
            ],
            mem_state: [
                (
                    MemoryAddress(
                        4294967292,
                    ),
                    0,
                ),
                (
                    MemoryAddress(
                        4294967293,
                    ),
                    0,
                ),
                (
                    MemoryAddress(
                        4294967294,
                    ),
                    2147483648,
                ),
                (
                    MemoryAddress(
                        4294967295,
                    ),
                    0,
                ),
            ],
        },
    ],
    4: [
        ProcessorStateSnapshot {
            clk: 92,
            stack_state: [
                0,
                0,
                0,
                0,
                0,
                0,
                0,
                0,
                0,
                0,
                0,
                0,
                0,
                0,
                0,
                0,
            ],
            stack_words: [
                Word(
                    [
                        0,
                        0,
                        0,
                        0,
                    ],
                ),
                Word(
                    [
                        0,
                        0,
                        0,
                        0,
                    ],
                ),
                Word(
                    [
                        0,
                        0,
                        0,
                        0,
                    ],
                ),
                Word(
                    [
                        0,
                        0,
                        0,
                        0,
                    ],
                ),
            ],
            mem_state: [
                (
                    MemoryAddress(
                        4294967292,
                    ),
                    0,
                ),
                (
                    MemoryAddress(
                        4294967293,
                    ),
                    0,
                ),
                (
                    MemoryAddress(
                        4294967294,
                    ),
                    2147483648,
                ),
                (
                    MemoryAddress(
                        4294967295,
                    ),
                    0,
                ),
            ],
        },
    ],
    5: [
        ProcessorStateSnapshot {
            clk: 122,
            stack_state: [
                7,
                6,
                5,
                4,
                3,
                2,
                1,
                0,
                0,
                0,
                0,
                0,
                0,
                0,
                0,
                0,
                0,
                0,
                0,
                0,
                0,
                0,
                0,
                0,
            ],
            stack_words: [
                Word(
                    [
                        7,
                        6,
                        5,
                        4,
                    ],
                ),
                Word(
                    [
                        3,
                        2,
                        1,
                        0,
                    ],
                ),
                Word(
                    [
                        0,
                        0,
                        0,
                        0,
                    ],
                ),
                Word(
                    [
                        0,
                        0,
                        0,
                        0,
                    ],
                ),
            ],
            mem_state: [
                (
                    MemoryAddress(
                        4294967292,
                    ),
                    0,
                ),
                (
                    MemoryAddress(
                        4294967293,
                    ),
                    0,
                ),
                (
                    MemoryAddress(
                        4294967294,
                    ),
                    2147483648,
                ),
                (
                    MemoryAddress(
                        4294967295,
                    ),
                    0,
                ),
            ],
        },
    ],
    6: [
        ProcessorStateSnapshot {
            clk: 143,
            stack_state: [
                6,
                5,
                4,
                3,
                2,
                1,
                0,
                7,
                6,
                5,
                4,
                3,
                2,
                1,
                0,
                0,
                0,
                0,
                0,
                0,
                0,
                0,
                0,
                0,
                0,
                0,
                0,
                0,
                0,
                0,
                0,
            ],
            stack_words: [
                Word(
                    [
                        6,
                        5,
                        4,
                        3,
                    ],
                ),
                Word(
                    [
                        2,
                        1,
                        0,
                        7,
                    ],
                ),
                Word(
                    [
                        6,
                        5,
                        4,
                        3,
                    ],
                ),
                Word(
                    [
                        2,
                        1,
                        0,
                        0,
                    ],
                ),
            ],
            mem_state: [
                (
                    MemoryAddress(
                        4294967292,
                    ),
                    0,
                ),
                (
                    MemoryAddress(
                        4294967293,
                    ),
                    0,
                ),
                (
                    MemoryAddress(
                        4294967294,
                    ),
                    2147483648,
                ),
                (
                    MemoryAddress(
                        4294967295,
                    ),
                    0,
                ),
            ],
        },
    ],
    7: [
        ProcessorStateSnapshot {
            clk: 156,
            stack_state: [
                5,
                4,
                3,
                2,
                1,
                0,
                0,
                0,
                0,
                0,
                0,
                0,
                0,
                0,
                0,
                0,
                0,
                0,
                0,
                0,
                0,
                0,
            ],
            stack_words: [
                Word(
                    [
                        5,
                        4,
                        3,
                        2,
                    ],
                ),
                Word(
                    [
                        1,
                        0,
                        0,
                        0,
                    ],
                ),
                Word(
                    [
                        0,
                        0,
                        0,
                        0,
                    ],
                ),
                Word(
                    [
                        0,
                        0,
                        0,
                        0,
                    ],
                ),
            ],
            mem_state: [
                (
                    MemoryAddress(
                        4294967292,
                    ),
                    0,
                ),
                (
                    MemoryAddress(
                        4294967293,
                    ),
                    0,
                ),
                (
                    MemoryAddress(
                        4294967294,
                    ),
                    2147483648,
                ),
                (
                    MemoryAddress(
                        4294967295,
                    ),
                    0,
                ),
            ],
        },
    ],
    8: [
        ProcessorStateSnapshot {
            clk: 169,
            stack_state: [
                5,
                4,
                3,
                2,
                1,
                0,
                0,
                0,
                0,
                0,
                0,
                0,
                0,
                0,
                0,
                0,
                0,
                0,
                0,
                0,
                0,
                0,
            ],
            stack_words: [
                Word(
                    [
                        5,
                        4,
                        3,
                        2,
                    ],
                ),
                Word(
                    [
                        1,
                        0,
                        0,
                        0,
                    ],
                ),
                Word(
                    [
                        0,
                        0,
                        0,
                        0,
                    ],
                ),
                Word(
                    [
                        0,
                        0,
                        0,
                        0,
                    ],
                ),
            ],
            mem_state: [
                (
                    MemoryAddress(
                        0,
                    ),
                    42,
                ),
                (
                    MemoryAddress(
                        1,
                    ),
                    0,
                ),
                (
                    MemoryAddress(
                        2,
                    ),
                    0,
                ),
                (
                    MemoryAddress(
                        3,
                    ),
                    0,
                ),
                (
                    MemoryAddress(
                        4294967292,
                    ),
                    0,
                ),
                (
                    MemoryAddress(
                        4294967293,
                    ),
                    0,
                ),
                (
                    MemoryAddress(
                        4294967294,
                    ),
                    2147483648,
                ),
                (
                    MemoryAddress(
                        4294967295,
                    ),
                    0,
                ),
            ],
        },
    ],
    9: [
        ProcessorStateSnapshot {
            clk: 176,
            stack_state: [
                5,
                4,
                3,
                2,
                1,
                0,
                0,
                0,
                0,
                0,
                0,
                0,
                0,
                0,
                0,
                0,
                0,
                0,
                0,
                0,
                0,
                0,
            ],
            stack_words: [
                Word(
                    [
                        5,
                        4,
                        3,
                        2,
                    ],
                ),
                Word(
                    [
                        1,
                        0,
                        0,
                        0,
                    ],
                ),
                Word(
                    [
                        0,
                        0,
                        0,
                        0,
                    ],
                ),
                Word(
                    [
                        0,
                        0,
                        0,
                        0,
                    ],
                ),
            ],
            mem_state: [
                (
                    MemoryAddress(
                        0,
                    ),
                    22,
                ),
                (
                    MemoryAddress(
                        1,
                    ),
                    0,
                ),
                (
                    MemoryAddress(
                        2,
                    ),
                    0,
                ),
                (
                    MemoryAddress(
                        3,
                    ),
                    0,
                ),
                (
                    MemoryAddress(
                        4294967292,
                    ),
                    0,
                ),
                (
                    MemoryAddress(
                        4294967293,
                    ),
                    0,
                ),
                (
                    MemoryAddress(
                        4294967294,
                    ),
                    2147483648,
                ),
                (
                    MemoryAddress(
                        4294967295,
                    ),
                    0,
                ),
            ],
        },
    ],
    10: [
        ProcessorStateSnapshot {
            clk: 179,
            stack_state: [
                5,
                4,
                3,
                2,
                1,
                0,
                0,
                0,
                0,
                0,
                0,
                0,
                0,
                0,
                0,
                0,
                0,
                0,
                0,
                0,
                0,
                0,
            ],
            stack_words: [
                Word(
                    [
                        5,
                        4,
                        3,
                        2,
                    ],
                ),
                Word(
                    [
                        1,
                        0,
                        0,
                        0,
                    ],
                ),
                Word(
                    [
                        0,
                        0,
                        0,
                        0,
                    ],
                ),
                Word(
                    [
                        0,
                        0,
                        0,
                        0,
                    ],
                ),
            ],
            mem_state: [
                (
                    MemoryAddress(
                        0,
                    ),
                    22,
                ),
                (
                    MemoryAddress(
                        1,
                    ),
                    0,
                ),
                (
                    MemoryAddress(
                        2,
                    ),
                    0,
                ),
                (
                    MemoryAddress(
                        3,
                    ),
                    0,
                ),
                (
                    MemoryAddress(
                        4294967292,
                    ),
                    0,
                ),
                (
                    MemoryAddress(
                        4294967293,
                    ),
                    0,
                ),
                (
                    MemoryAddress(
                        4294967294,
                    ),
                    2147483648,
                ),
                (
                    MemoryAddress(
                        4294967295,
                    ),
                    0,
                ),
            ],
        },
    ],
    11: [
        ProcessorStateSnapshot {
            clk: 191,
            stack_state: [
                5,
                4,
                3,
                2,
                1,
                0,
                0,
                0,
                0,
                0,
                0,
                0,
                0,
                0,
                0,
                0,
            ],
            stack_words: [
                Word(
                    [
                        5,
                        4,
                        3,
                        2,
                    ],
                ),
                Word(
                    [
                        1,
                        0,
                        0,
                        0,
                    ],
                ),
                Word(
                    [
                        0,
                        0,
                        0,
                        0,
                    ],
                ),
                Word(
                    [
                        0,
                        0,
                        0,
                        0,
                    ],
                ),
            ],
            mem_state: [
                (
                    MemoryAddress(
                        0,
                    ),
                    22,
                ),
                (
                    MemoryAddress(
                        1,
                    ),
                    0,
                ),
                (
                    MemoryAddress(
                        2,
                    ),
                    0,
                ),
                (
                    MemoryAddress(
                        3,
                    ),
                    0,
                ),
                (
                    MemoryAddress(
                        100,
                    ),
                    2323,
                ),
                (
                    MemoryAddress(
                        101,
                    ),
                    0,
                ),
                (
                    MemoryAddress(
                        102,
                    ),
                    0,
                ),
                (
                    MemoryAddress(
                        103,
                    ),
                    0,
                ),
                (
                    MemoryAddress(
                        4294967292,
                    ),
                    0,
                ),
                (
                    MemoryAddress(
                        4294967293,
                    ),
                    0,
                ),
                (
                    MemoryAddress(
                        4294967294,
                    ),
                    2147483648,
                ),
                (
                    MemoryAddress(
                        4294967295,
                    ),
                    0,
                ),
            ],
        },
        ProcessorStateSnapshot {
            clk: 258,
            stack_state: [
                5,
                4,
                3,
                2,
                1,
                0,
                0,
                0,
                0,
                0,
                0,
                0,
                0,
                0,
                0,
                0,
            ],
            stack_words: [
                Word(
                    [
                        5,
                        4,
                        3,
                        2,
                    ],
                ),
                Word(
                    [
                        1,
                        0,
                        0,
                        0,
                    ],
                ),
                Word(
                    [
                        0,
                        0,
                        0,
                        0,
                    ],
                ),
                Word(
                    [
                        0,
                        0,
                        0,
                        0,
                    ],
                ),
            ],
            mem_state: [
                (
                    MemoryAddress(
                        0,
                    ),
                    22,
                ),
                (
                    MemoryAddress(
                        1,
                    ),
                    0,
                ),
                (
                    MemoryAddress(
                        2,
                    ),
                    0,
                ),
                (
                    MemoryAddress(
                        3,
                    ),
                    0,
                ),
                (
                    MemoryAddress(
                        4,
                    ),
                    5526709132410009659,
                ),
                (
                    MemoryAddress(
                        5,
                    ),
                    15074808886236459364,
                ),
                (
                    MemoryAddress(
                        6,
                    ),
                    13627381018184354580,
                ),
                (
                    MemoryAddress(
                        7,
                    ),
                    17913896912079695409,
                ),
                (
                    MemoryAddress(
                        8,
                    ),
                    12586890733488447567,
                ),
                (
                    MemoryAddress(
                        9,
                    ),
                    9458994074319226019,
                ),
                (
                    MemoryAddress(
                        10,
                    ),
                    9847578264936299057,
                ),
                (
                    MemoryAddress(
                        11,
                    ),
                    13338942935363501637,
                ),
                (
                    MemoryAddress(
                        100,
                    ),
                    2323,
                ),
                (
                    MemoryAddress(
                        101,
                    ),
                    0,
                ),
                (
                    MemoryAddress(
                        102,
                    ),
                    0,
                ),
                (
                    MemoryAddress(
                        103,
                    ),
                    0,
                ),
                (
                    MemoryAddress(
                        4294967292,
                    ),
                    0,
                ),
                (
                    MemoryAddress(
                        4294967293,
                    ),
                    0,
                ),
                (
                    MemoryAddress(
                        4294967294,
                    ),
                    2147483648,
                ),
                (
                    MemoryAddress(
                        4294967295,
                    ),
                    0,
                ),
            ],
        },
    ],
    12: [
        ProcessorStateSnapshot {
            clk: 202,
            stack_state: [
                5,
                4,
                3,
                2,
                1,
                0,
                0,
                0,
                0,
                0,
                0,
                0,
                0,
                0,
                0,
                0,
                0,
                0,
                0,
                0,
                0,
                0,
            ],
            stack_words: [
                Word(
                    [
                        5,
                        4,
                        3,
                        2,
                    ],
                ),
                Word(
                    [
                        1,
                        0,
                        0,
                        0,
                    ],
                ),
                Word(
                    [
                        0,
                        0,
                        0,
                        0,
                    ],
                ),
                Word(
                    [
                        0,
                        0,
                        0,
                        0,
                    ],
                ),
            ],
            mem_state: [
                (
                    MemoryAddress(
                        0,
                    ),
                    22,
                ),
                (
                    MemoryAddress(
                        1,
                    ),
                    0,
                ),
                (
                    MemoryAddress(
                        2,
                    ),
                    0,
                ),
                (
                    MemoryAddress(
                        3,
                    ),
                    0,
                ),
                (
                    MemoryAddress(
                        100,
                    ),
                    2323,
                ),
                (
                    MemoryAddress(
                        101,
                    ),
                    0,
                ),
                (
                    MemoryAddress(
                        102,
                    ),
                    0,
                ),
                (
                    MemoryAddress(
                        103,
                    ),
                    0,
                ),
                (
                    MemoryAddress(
                        4294967292,
                    ),
                    0,
                ),
                (
                    MemoryAddress(
                        4294967293,
                    ),
                    0,
                ),
                (
                    MemoryAddress(
                        4294967294,
                    ),
                    2147483648,
                ),
                (
                    MemoryAddress(
                        4294967295,
                    ),
                    0,
                ),
            ],
        },
    ],
    13: [
        ProcessorStateSnapshot {
            clk: 234,
            stack_state: [
                5,
                4,
                3,
                2,
                1,
                0,
                0,
                0,
                0,
                0,
                0,
                0,
                0,
                0,
                0,
                0,
                0,
                0,
                0,
                0,
                0,
                0,
            ],
            stack_words: [
                Word(
                    [
                        5,
                        4,
                        3,
                        2,
                    ],
                ),
                Word(
                    [
                        1,
                        0,
                        0,
                        0,
                    ],
                ),
                Word(
                    [
                        0,
                        0,
                        0,
                        0,
                    ],
                ),
                Word(
                    [
                        0,
                        0,
                        0,
                        0,
                    ],
                ),
            ],
            mem_state: [
                (
                    MemoryAddress(
                        0,
                    ),
                    22,
                ),
                (
                    MemoryAddress(
                        1,
                    ),
                    0,
                ),
                (
                    MemoryAddress(
                        2,
                    ),
                    0,
                ),
                (
                    MemoryAddress(
                        3,
                    ),
                    0,
                ),
                (
                    MemoryAddress(
                        4,
                    ),
                    5526709132410009659,
                ),
                (
                    MemoryAddress(
                        5,
                    ),
                    15074808886236459364,
                ),
                (
                    MemoryAddress(
                        6,
                    ),
                    13627381018184354580,
                ),
                (
                    MemoryAddress(
                        7,
                    ),
                    17913896912079695409,
                ),
                (
                    MemoryAddress(
                        100,
                    ),
                    2323,
                ),
                (
                    MemoryAddress(
                        101,
                    ),
                    0,
                ),
                (
                    MemoryAddress(
                        102,
                    ),
                    0,
                ),
                (
                    MemoryAddress(
                        103,
                    ),
                    0,
                ),
                (
                    MemoryAddress(
                        4294967292,
                    ),
                    0,
                ),
                (
                    MemoryAddress(
                        4294967293,
                    ),
                    0,
                ),
                (
                    MemoryAddress(
                        4294967294,
                    ),
                    2147483648,
                ),
                (
                    MemoryAddress(
                        4294967295,
                    ),
                    0,
                ),
            ],
        },
    ],
    14: [
        ProcessorStateSnapshot {
            clk: 271,
            stack_state: [
                5,
                4,
                3,
                2,
                1,
                0,
                0,
                0,
                0,
                0,
                0,
                0,
                0,
                0,
                0,
                0,
                0,
                0,
                0,
                0,
                0,
                0,
            ],
            stack_words: [
                Word(
                    [
                        5,
                        4,
                        3,
                        2,
                    ],
                ),
                Word(
                    [
                        1,
                        0,
                        0,
                        0,
                    ],
                ),
                Word(
                    [
                        0,
                        0,
                        0,
                        0,
                    ],
                ),
                Word(
                    [
                        0,
                        0,
                        0,
                        0,
                    ],
                ),
            ],
            mem_state: [
                (
                    MemoryAddress(
                        0,
                    ),
                    22,
                ),
                (
                    MemoryAddress(
                        1,
                    ),
                    0,
                ),
                (
                    MemoryAddress(
                        2,
                    ),
                    0,
                ),
                (
                    MemoryAddress(
                        3,
                    ),
                    0,
                ),
                (
                    MemoryAddress(
                        4,
                    ),
                    5526709132410009659,
                ),
                (
                    MemoryAddress(
                        5,
                    ),
                    15074808886236459364,
                ),
                (
                    MemoryAddress(
                        6,
                    ),
                    13627381018184354580,
                ),
                (
                    MemoryAddress(
                        7,
                    ),
                    17913896912079695409,
                ),
                (
                    MemoryAddress(
                        8,
                    ),
                    12586890733488447567,
                ),
                (
                    MemoryAddress(
                        9,
                    ),
                    9458994074319226019,
                ),
                (
                    MemoryAddress(
                        10,
                    ),
                    9847578264936299057,
                ),
                (
                    MemoryAddress(
                        11,
                    ),
                    13338942935363501637,
                ),
                (
                    MemoryAddress(
                        100,
                    ),
                    2323,
                ),
                (
                    MemoryAddress(
                        101,
                    ),
                    0,
                ),
                (
                    MemoryAddress(
                        102,
                    ),
                    0,
                ),
                (
                    MemoryAddress(
                        103,
                    ),
                    0,
                ),
                (
                    MemoryAddress(
                        4294967292,
                    ),
                    0,
                ),
                (
                    MemoryAddress(
                        4294967293,
                    ),
                    0,
                ),
                (
                    MemoryAddress(
                        4294967294,
                    ),
                    2147483648,
                ),
                (
                    MemoryAddress(
                        4294967295,
                    ),
                    0,
                ),
            ],
        },
    ],
    15: [
        ProcessorStateSnapshot {
            clk: 303,
            stack_state: [
                5,
                4,
                3,
                2,
                1,
                0,
                0,
                0,
                0,
                0,
                0,
                0,
                0,
                0,
                0,
                0,
                0,
                0,
                0,
                0,
                0,
                0,
            ],
            stack_words: [
                Word(
                    [
                        5,
                        4,
                        3,
                        2,
                    ],
                ),
                Word(
                    [
                        1,
                        0,
                        0,
                        0,
                    ],
                ),
                Word(
                    [
                        0,
                        0,
                        0,
                        0,
                    ],
                ),
                Word(
                    [
                        0,
                        0,
                        0,
                        0,
                    ],
                ),
            ],
            mem_state: [
                (
                    MemoryAddress(
                        0,
                    ),
                    24,
                ),
                (
                    MemoryAddress(
                        1,
                    ),
                    0,
                ),
                (
                    MemoryAddress(
                        2,
                    ),
                    0,
                ),
                (
                    MemoryAddress(
                        3,
                    ),
                    0,
                ),
                (
                    MemoryAddress(
                        4,
                    ),
                    5345304996261355602,
                ),
                (
                    MemoryAddress(
                        5,
                    ),
                    8338280052266467350,
                ),
                (
                    MemoryAddress(
                        6,
                    ),
                    1864727691374819708,
                ),
                (
                    MemoryAddress(
                        7,
                    ),
                    13314162163724695459,
                ),
                (
                    MemoryAddress(
                        8,
                    ),
                    12586890733488447567,
                ),
                (
                    MemoryAddress(
                        9,
                    ),
                    9458994074319226019,
                ),
                (
                    MemoryAddress(
                        10,
                    ),
                    9847578264936299057,
                ),
                (
                    MemoryAddress(
                        11,
                    ),
                    13338942935363501637,
                ),
                (
                    MemoryAddress(
                        100,
                    ),
                    2323,
                ),
                (
                    MemoryAddress(
                        101,
                    ),
                    0,
                ),
                (
                    MemoryAddress(
                        102,
                    ),
                    0,
                ),
                (
                    MemoryAddress(
                        103,
                    ),
                    0,
                ),
                (
                    MemoryAddress(
                        4294967292,
                    ),
                    0,
                ),
                (
                    MemoryAddress(
                        4294967293,
                    ),
                    0,
                ),
                (
                    MemoryAddress(
                        4294967294,
                    ),
                    2147483648,
                ),
                (
                    MemoryAddress(
                        4294967295,
                    ),
                    0,
                ),
            ],
        },
    ],
    16: [
        ProcessorStateSnapshot {
            clk: 313,
            stack_state: [
                1,
                5,
                4,
                3,
                2,
                1,
                0,
                0,
                0,
                0,
                0,
                0,
                0,
                0,
                0,
                0,
                0,
                0,
                0,
                0,
                0,
                0,
                0,
            ],
            stack_words: [
                Word(
                    [
                        1,
                        5,
                        4,
                        3,
                    ],
                ),
                Word(
                    [
                        2,
                        1,
                        0,
                        0,
                    ],
                ),
                Word(
                    [
                        0,
                        0,
                        0,
                        0,
                    ],
                ),
                Word(
                    [
                        0,
                        0,
                        0,
                        0,
                    ],
                ),
            ],
            mem_state: [
                (
                    MemoryAddress(
                        0,
                    ),
                    24,
                ),
                (
                    MemoryAddress(
                        1,
                    ),
                    0,
                ),
                (
                    MemoryAddress(
                        2,
                    ),
                    0,
                ),
                (
                    MemoryAddress(
                        3,
                    ),
                    0,
                ),
                (
                    MemoryAddress(
                        4,
                    ),
                    5345304996261355602,
                ),
                (
                    MemoryAddress(
                        5,
                    ),
                    8338280052266467350,
                ),
                (
                    MemoryAddress(
                        6,
                    ),
                    1864727691374819708,
                ),
                (
                    MemoryAddress(
                        7,
                    ),
                    13314162163724695459,
                ),
                (
                    MemoryAddress(
                        8,
                    ),
                    12586890733488447567,
                ),
                (
                    MemoryAddress(
                        9,
                    ),
                    9458994074319226019,
                ),
                (
                    MemoryAddress(
                        10,
                    ),
                    9847578264936299057,
                ),
                (
                    MemoryAddress(
                        11,
                    ),
                    13338942935363501637,
                ),
                (
                    MemoryAddress(
                        100,
                    ),
                    2323,
                ),
                (
                    MemoryAddress(
                        101,
                    ),
                    0,
                ),
                (
                    MemoryAddress(
                        102,
                    ),
                    0,
                ),
                (
                    MemoryAddress(
                        103,
                    ),
                    0,
                ),
                (
                    MemoryAddress(
                        4294967292,
                    ),
                    0,
                ),
                (
                    MemoryAddress(
                        4294967293,
                    ),
                    0,
                ),
                (
                    MemoryAddress(
                        4294967294,
                    ),
                    2147483648,
                ),
                (
                    MemoryAddress(
                        4294967295,
                    ),
                    0,
                ),
            ],
        },
    ],
    17: [
        ProcessorStateSnapshot {
            clk: 321,
            stack_state: [
                5,
                4,
                3,
                2,
                1,
                0,
                0,
                0,
                0,
                0,
                0,
                0,
                0,
                0,
                0,
                0,
                0,
                0,
                0,
                0,
                0,
                0,
            ],
            stack_words: [
                Word(
                    [
                        5,
                        4,
                        3,
                        2,
                    ],
                ),
                Word(
                    [
                        1,
                        0,
                        0,
                        0,
                    ],
                ),
                Word(
                    [
                        0,
                        0,
                        0,
                        0,
                    ],
                ),
                Word(
                    [
                        0,
                        0,
                        0,
                        0,
                    ],
                ),
            ],
            mem_state: [
                (
                    MemoryAddress(
                        0,
                    ),
                    24,
                ),
                (
                    MemoryAddress(
                        1,
                    ),
                    0,
                ),
                (
                    MemoryAddress(
                        2,
                    ),
                    0,
                ),
                (
                    MemoryAddress(
                        3,
                    ),
                    0,
                ),
                (
                    MemoryAddress(
                        4,
                    ),
                    5345304996261355602,
                ),
                (
                    MemoryAddress(
                        5,
                    ),
                    8338280052266467350,
                ),
                (
                    MemoryAddress(
                        6,
                    ),
                    1864727691374819708,
                ),
                (
                    MemoryAddress(
                        7,
                    ),
                    13314162163724695459,
                ),
                (
                    MemoryAddress(
                        8,
                    ),
                    12586890733488447567,
                ),
                (
                    MemoryAddress(
                        9,
                    ),
                    9458994074319226019,
                ),
                (
                    MemoryAddress(
                        10,
                    ),
                    9847578264936299057,
                ),
                (
                    MemoryAddress(
                        11,
                    ),
                    13338942935363501637,
                ),
                (
                    MemoryAddress(
                        100,
                    ),
                    2323,
                ),
                (
                    MemoryAddress(
                        101,
                    ),
                    0,
                ),
                (
                    MemoryAddress(
                        102,
                    ),
                    0,
                ),
                (
                    MemoryAddress(
                        103,
                    ),
                    0,
                ),
                (
                    MemoryAddress(
                        4294967292,
                    ),
                    0,
                ),
                (
                    MemoryAddress(
                        4294967293,
                    ),
                    0,
                ),
                (
                    MemoryAddress(
                        4294967294,
                    ),
                    2147483648,
                ),
                (
                    MemoryAddress(
                        4294967295,
                    ),
                    0,
                ),
            ],
        },
    ],
    18: [
        ProcessorStateSnapshot {
            clk: 330,
            stack_state: [
                0,
                5,
                4,
                3,
                2,
                1,
                0,
                0,
                0,
                0,
                0,
                0,
                0,
                0,
                0,
                0,
                0,
                0,
                0,
                0,
                0,
                0,
                0,
            ],
            stack_words: [
                Word(
                    [
                        0,
                        5,
                        4,
                        3,
                    ],
                ),
                Word(
                    [
                        2,
                        1,
                        0,
                        0,
                    ],
                ),
                Word(
                    [
                        0,
                        0,
                        0,
                        0,
                    ],
                ),
                Word(
                    [
                        0,
                        0,
                        0,
                        0,
                    ],
                ),
            ],
            mem_state: [
                (
                    MemoryAddress(
                        0,
                    ),
                    24,
                ),
                (
                    MemoryAddress(
                        1,
                    ),
                    0,
                ),
                (
                    MemoryAddress(
                        2,
                    ),
                    0,
                ),
                (
                    MemoryAddress(
                        3,
                    ),
                    0,
                ),
                (
                    MemoryAddress(
                        4,
                    ),
                    5345304996261355602,
                ),
                (
                    MemoryAddress(
                        5,
                    ),
                    8338280052266467350,
                ),
                (
                    MemoryAddress(
                        6,
                    ),
                    1864727691374819708,
                ),
                (
                    MemoryAddress(
                        7,
                    ),
                    13314162163724695459,
                ),
                (
                    MemoryAddress(
                        8,
                    ),
                    12586890733488447567,
                ),
                (
                    MemoryAddress(
                        9,
                    ),
                    9458994074319226019,
                ),
                (
                    MemoryAddress(
                        10,
                    ),
                    9847578264936299057,
                ),
                (
                    MemoryAddress(
                        11,
                    ),
                    13338942935363501637,
                ),
                (
                    MemoryAddress(
                        100,
                    ),
                    2323,
                ),
                (
                    MemoryAddress(
                        101,
                    ),
                    0,
                ),
                (
                    MemoryAddress(
                        102,
                    ),
                    0,
                ),
                (
                    MemoryAddress(
                        103,
                    ),
                    0,
                ),
                (
                    MemoryAddress(
                        4294967292,
                    ),
                    0,
                ),
                (
                    MemoryAddress(
                        4294967293,
                    ),
                    0,
                ),
                (
                    MemoryAddress(
                        4294967294,
                    ),
                    2147483648,
                ),
                (
                    MemoryAddress(
                        4294967295,
                    ),
                    0,
                ),
            ],
        },
    ],
    19: [
        ProcessorStateSnapshot {
            clk: 338,
            stack_state: [
                5,
                4,
                3,
                2,
                1,
                0,
                0,
                0,
                0,
                0,
                0,
                0,
                0,
                0,
                0,
                0,
                0,
                0,
                0,
                0,
                0,
                0,
            ],
            stack_words: [
                Word(
                    [
                        5,
                        4,
                        3,
                        2,
                    ],
                ),
                Word(
                    [
                        1,
                        0,
                        0,
                        0,
                    ],
                ),
                Word(
                    [
                        0,
                        0,
                        0,
                        0,
                    ],
                ),
                Word(
                    [
                        0,
                        0,
                        0,
                        0,
                    ],
                ),
            ],
            mem_state: [
                (
                    MemoryAddress(
                        0,
                    ),
                    24,
                ),
                (
                    MemoryAddress(
                        1,
                    ),
                    0,
                ),
                (
                    MemoryAddress(
                        2,
                    ),
                    0,
                ),
                (
                    MemoryAddress(
                        3,
                    ),
                    0,
                ),
                (
                    MemoryAddress(
                        4,
                    ),
                    5345304996261355602,
                ),
                (
                    MemoryAddress(
                        5,
                    ),
                    8338280052266467350,
                ),
                (
                    MemoryAddress(
                        6,
                    ),
                    1864727691374819708,
                ),
                (
                    MemoryAddress(
                        7,
                    ),
                    13314162163724695459,
                ),
                (
                    MemoryAddress(
                        8,
                    ),
                    12586890733488447567,
                ),
                (
                    MemoryAddress(
                        9,
                    ),
                    9458994074319226019,
                ),
                (
                    MemoryAddress(
                        10,
                    ),
                    9847578264936299057,
                ),
                (
                    MemoryAddress(
                        11,
                    ),
                    13338942935363501637,
                ),
                (
                    MemoryAddress(
                        100,
                    ),
                    2323,
                ),
                (
                    MemoryAddress(
                        101,
                    ),
                    0,
                ),
                (
                    MemoryAddress(
                        102,
                    ),
                    0,
                ),
                (
                    MemoryAddress(
                        103,
                    ),
                    0,
                ),
                (
                    MemoryAddress(
                        4294967292,
                    ),
                    0,
                ),
                (
                    MemoryAddress(
                        4294967293,
                    ),
                    0,
                ),
                (
                    MemoryAddress(
                        4294967294,
                    ),
                    2147483648,
                ),
                (
                    MemoryAddress(
                        4294967295,
                    ),
                    0,
                ),
            ],
        },
    ],
    20: [
        ProcessorStateSnapshot {
            clk: 355,
            stack_state: [
                3,
                5,
                4,
                3,
                2,
                1,
                0,
                0,
                0,
                0,
                0,
                0,
                0,
                0,
                0,
                0,
                0,
                0,
                0,
                0,
                0,
                0,
                0,
            ],
            stack_words: [
                Word(
                    [
                        3,
                        5,
                        4,
                        3,
                    ],
                ),
                Word(
                    [
                        2,
                        1,
                        0,
                        0,
                    ],
                ),
                Word(
                    [
                        0,
                        0,
                        0,
                        0,
                    ],
                ),
                Word(
                    [
                        0,
                        0,
                        0,
                        0,
                    ],
                ),
            ],
            mem_state: [
                (
                    MemoryAddress(
                        0,
                    ),
                    24,
                ),
                (
                    MemoryAddress(
                        1,
                    ),
                    0,
                ),
                (
                    MemoryAddress(
                        2,
                    ),
                    0,
                ),
                (
                    MemoryAddress(
                        3,
                    ),
                    0,
                ),
                (
                    MemoryAddress(
                        4,
                    ),
                    5345304996261355602,
                ),
                (
                    MemoryAddress(
                        5,
                    ),
                    8338280052266467350,
                ),
                (
                    MemoryAddress(
                        6,
                    ),
                    1864727691374819708,
                ),
                (
                    MemoryAddress(
                        7,
                    ),
                    13314162163724695459,
                ),
                (
                    MemoryAddress(
                        8,
                    ),
                    12586890733488447567,
                ),
                (
                    MemoryAddress(
                        9,
                    ),
                    9458994074319226019,
                ),
                (
                    MemoryAddress(
                        10,
                    ),
                    9847578264936299057,
                ),
                (
                    MemoryAddress(
                        11,
                    ),
                    13338942935363501637,
                ),
                (
                    MemoryAddress(
                        100,
                    ),
                    2323,
                ),
                (
                    MemoryAddress(
                        101,
                    ),
                    0,
                ),
                (
                    MemoryAddress(
                        102,
                    ),
                    0,
                ),
                (
                    MemoryAddress(
                        103,
                    ),
                    0,
                ),
                (
                    MemoryAddress(
                        4294967292,
                    ),
                    0,
                ),
                (
                    MemoryAddress(
                        4294967293,
                    ),
                    0,
                ),
                (
                    MemoryAddress(
                        4294967294,
                    ),
                    2147483648,
                ),
                (
                    MemoryAddress(
                        4294967295,
                    ),
                    0,
                ),
            ],
        },
        ProcessorStateSnapshot {
            clk: 367,
            stack_state: [
                2,
                5,
                4,
                3,
                2,
                1,
                0,
                0,
                0,
                0,
                0,
                0,
                0,
                0,
                0,
                0,
                0,
                0,
                0,
                0,
                0,
                0,
                0,
            ],
            stack_words: [
                Word(
                    [
                        2,
                        5,
                        4,
                        3,
                    ],
                ),
                Word(
                    [
                        2,
                        1,
                        0,
                        0,
                    ],
                ),
                Word(
                    [
                        0,
                        0,
                        0,
                        0,
                    ],
                ),
                Word(
                    [
                        0,
                        0,
                        0,
                        0,
                    ],
                ),
            ],
            mem_state: [
                (
                    MemoryAddress(
                        0,
                    ),
                    24,
                ),
                (
                    MemoryAddress(
                        1,
                    ),
                    0,
                ),
                (
                    MemoryAddress(
                        2,
                    ),
                    0,
                ),
                (
                    MemoryAddress(
                        3,
                    ),
                    0,
                ),
                (
                    MemoryAddress(
                        4,
                    ),
                    5345304996261355602,
                ),
                (
                    MemoryAddress(
                        5,
                    ),
                    8338280052266467350,
                ),
                (
                    MemoryAddress(
                        6,
                    ),
                    1864727691374819708,
                ),
                (
                    MemoryAddress(
                        7,
                    ),
                    13314162163724695459,
                ),
                (
                    MemoryAddress(
                        8,
                    ),
                    12586890733488447567,
                ),
                (
                    MemoryAddress(
                        9,
                    ),
                    9458994074319226019,
                ),
                (
                    MemoryAddress(
                        10,
                    ),
                    9847578264936299057,
                ),
                (
                    MemoryAddress(
                        11,
                    ),
                    13338942935363501637,
                ),
                (
                    MemoryAddress(
                        100,
                    ),
                    2323,
                ),
                (
                    MemoryAddress(
                        101,
                    ),
                    0,
                ),
                (
                    MemoryAddress(
                        102,
                    ),
                    0,
                ),
                (
                    MemoryAddress(
                        103,
                    ),
                    0,
                ),
                (
                    MemoryAddress(
                        4294967292,
                    ),
                    0,
                ),
                (
                    MemoryAddress(
                        4294967293,
                    ),
                    0,
                ),
                (
                    MemoryAddress(
                        4294967294,
                    ),
                    2147483648,
                ),
                (
                    MemoryAddress(
                        4294967295,
                    ),
                    0,
                ),
            ],
        },
        ProcessorStateSnapshot {
            clk: 379,
            stack_state: [
                1,
                5,
                4,
                3,
                2,
                1,
                0,
                0,
                0,
                0,
                0,
                0,
                0,
                0,
                0,
                0,
                0,
                0,
                0,
                0,
                0,
                0,
                0,
            ],
            stack_words: [
                Word(
                    [
                        1,
                        5,
                        4,
                        3,
                    ],
                ),
                Word(
                    [
                        2,
                        1,
                        0,
                        0,
                    ],
                ),
                Word(
                    [
                        0,
                        0,
                        0,
                        0,
                    ],
                ),
                Word(
                    [
                        0,
                        0,
                        0,
                        0,
                    ],
                ),
            ],
            mem_state: [
                (
                    MemoryAddress(
                        0,
                    ),
                    24,
                ),
                (
                    MemoryAddress(
                        1,
                    ),
                    0,
                ),
                (
                    MemoryAddress(
                        2,
                    ),
                    0,
                ),
                (
                    MemoryAddress(
                        3,
                    ),
                    0,
                ),
                (
                    MemoryAddress(
                        4,
                    ),
                    5345304996261355602,
                ),
                (
                    MemoryAddress(
                        5,
                    ),
                    8338280052266467350,
                ),
                (
                    MemoryAddress(
                        6,
                    ),
                    1864727691374819708,
                ),
                (
                    MemoryAddress(
                        7,
                    ),
                    13314162163724695459,
                ),
                (
                    MemoryAddress(
                        8,
                    ),
                    12586890733488447567,
                ),
                (
                    MemoryAddress(
                        9,
                    ),
                    9458994074319226019,
                ),
                (
                    MemoryAddress(
                        10,
                    ),
                    9847578264936299057,
                ),
                (
                    MemoryAddress(
                        11,
                    ),
                    13338942935363501637,
                ),
                (
                    MemoryAddress(
                        100,
                    ),
                    2323,
                ),
                (
                    MemoryAddress(
                        101,
                    ),
                    0,
                ),
                (
                    MemoryAddress(
                        102,
                    ),
                    0,
                ),
                (
                    MemoryAddress(
                        103,
                    ),
                    0,
                ),
                (
                    MemoryAddress(
                        4294967292,
                    ),
                    0,
                ),
                (
                    MemoryAddress(
                        4294967293,
                    ),
                    0,
                ),
                (
                    MemoryAddress(
                        4294967294,
                    ),
                    2147483648,
                ),
                (
                    MemoryAddress(
                        4294967295,
                    ),
                    0,
                ),
            ],
        },
    ],
    21: [
        ProcessorStateSnapshot {
            clk: 393,
            stack_state: [
                0,
                5,
                4,
                3,
                2,
                1,
                0,
                0,
                0,
                0,
                0,
                0,
                0,
                0,
                0,
                0,
                0,
                0,
                0,
                0,
                0,
                0,
                0,
            ],
            stack_words: [
                Word(
                    [
                        0,
                        5,
                        4,
                        3,
                    ],
                ),
                Word(
                    [
                        2,
                        1,
                        0,
                        0,
                    ],
                ),
                Word(
                    [
                        0,
                        0,
                        0,
                        0,
                    ],
                ),
                Word(
                    [
                        0,
                        0,
                        0,
                        0,
                    ],
                ),
            ],
            mem_state: [
                (
                    MemoryAddress(
                        0,
                    ),
                    24,
                ),
                (
                    MemoryAddress(
                        1,
                    ),
                    0,
                ),
                (
                    MemoryAddress(
                        2,
                    ),
                    0,
                ),
                (
                    MemoryAddress(
                        3,
                    ),
                    0,
                ),
                (
                    MemoryAddress(
                        4,
                    ),
                    5345304996261355602,
                ),
                (
                    MemoryAddress(
                        5,
                    ),
                    8338280052266467350,
                ),
                (
                    MemoryAddress(
                        6,
                    ),
                    1864727691374819708,
                ),
                (
                    MemoryAddress(
                        7,
                    ),
                    13314162163724695459,
                ),
                (
                    MemoryAddress(
                        8,
                    ),
                    12586890733488447567,
                ),
                (
                    MemoryAddress(
                        9,
                    ),
                    9458994074319226019,
                ),
                (
                    MemoryAddress(
                        10,
                    ),
                    9847578264936299057,
                ),
                (
                    MemoryAddress(
                        11,
                    ),
                    13338942935363501637,
                ),
                (
                    MemoryAddress(
                        100,
                    ),
                    2323,
                ),
                (
                    MemoryAddress(
                        101,
                    ),
                    0,
                ),
                (
                    MemoryAddress(
                        102,
                    ),
                    0,
                ),
                (
                    MemoryAddress(
                        103,
                    ),
                    0,
                ),
                (
                    MemoryAddress(
                        4294967292,
                    ),
                    0,
                ),
                (
                    MemoryAddress(
                        4294967293,
                    ),
                    0,
                ),
                (
                    MemoryAddress(
                        4294967294,
                    ),
                    2147483648,
                ),
                (
                    MemoryAddress(
                        4294967295,
                    ),
                    0,
                ),
            ],
        },
    ],
    22: [
        ProcessorStateSnapshot {
            clk: 475,
            stack_state: [
                0,
                5,
                4,
                3,
                2,
                1,
                0,
                0,
                0,
                0,
                0,
                0,
                0,
                0,
                0,
                0,
            ],
            stack_words: [
                Word(
                    [
                        0,
                        5,
                        4,
                        3,
                    ],
                ),
                Word(
                    [
                        2,
                        1,
                        0,
                        0,
                    ],
                ),
                Word(
                    [
                        0,
                        0,
                        0,
                        0,
                    ],
                ),
                Word(
                    [
                        0,
                        0,
                        0,
                        0,
                    ],
                ),
            ],
            mem_state: [
                (
                    MemoryAddress(
                        0,
                    ),
                    24,
                ),
                (
                    MemoryAddress(
                        1,
                    ),
                    0,
                ),
                (
                    MemoryAddress(
                        2,
                    ),
                    0,
                ),
                (
                    MemoryAddress(
                        3,
                    ),
                    0,
                ),
                (
                    MemoryAddress(
                        4,
                    ),
                    5345304996261355602,
                ),
                (
                    MemoryAddress(
                        5,
                    ),
                    8338280052266467350,
                ),
                (
                    MemoryAddress(
                        6,
                    ),
                    1864727691374819708,
                ),
                (
                    MemoryAddress(
                        7,
                    ),
                    13314162163724695459,
                ),
                (
                    MemoryAddress(
                        8,
                    ),
                    12586890733488447567,
                ),
                (
                    MemoryAddress(
                        9,
                    ),
                    9458994074319226019,
                ),
                (
                    MemoryAddress(
                        10,
                    ),
                    9847578264936299057,
                ),
                (
                    MemoryAddress(
                        11,
                    ),
                    13338942935363501637,
                ),
                (
                    MemoryAddress(
                        100,
                    ),
                    2323,
                ),
                (
                    MemoryAddress(
                        101,
                    ),
                    0,
                ),
                (
                    MemoryAddress(
                        102,
                    ),
                    0,
                ),
                (
                    MemoryAddress(
                        103,
                    ),
                    0,
                ),
                (
                    MemoryAddress(
                        2147483648,
                    ),
                    3,
                ),
                (
                    MemoryAddress(
                        2147483649,
                    ),
                    4,
                ),
                (
                    MemoryAddress(
                        2147483650,
                    ),
                    5,
                ),
                (
                    MemoryAddress(
                        2147483651,
                    ),
                    0,
                ),
                (
                    MemoryAddress(
                        4294967292,
                    ),
                    0,
                ),
                (
                    MemoryAddress(
                        4294967293,
                    ),
                    0,
                ),
                (
                    MemoryAddress(
                        4294967294,
                    ),
                    2147483648,
                ),
                (
                    MemoryAddress(
                        4294967295,
                    ),
                    0,
                ),
            ],
        },
    ],
    100: [
        ProcessorStateSnapshot {
            clk: 225,
            stack_state: [
                5,
                4,
                3,
                2,
                1,
                0,
                0,
                0,
                0,
                0,
                0,
                0,
                0,
                0,
                0,
                0,
            ],
            stack_words: [
                Word(
                    [
                        5,
                        4,
                        3,
                        2,
                    ],
                ),
                Word(
                    [
                        1,
                        0,
                        0,
                        0,
                    ],
                ),
                Word(
                    [
                        0,
                        0,
                        0,
                        0,
                    ],
                ),
                Word(
                    [
                        0,
                        0,
                        0,
                        0,
                    ],
                ),
            ],
            mem_state: [
                (
                    MemoryAddress(
                        0,
                    ),
                    23,
                ),
                (
                    MemoryAddress(
                        1,
                    ),
                    0,
                ),
                (
                    MemoryAddress(
                        2,
                    ),
                    0,
                ),
                (
                    MemoryAddress(
                        3,
                    ),
                    0,
                ),
                (
                    MemoryAddress(
                        4294967292,
                    ),
                    0,
                ),
                (
                    MemoryAddress(
                        4294967293,
                    ),
                    0,
                ),
                (
                    MemoryAddress(
                        4294967294,
                    ),
                    2147483648,
                ),
                (
                    MemoryAddress(
                        4294967295,
                    ),
                    0,
                ),
            ],
        },
    ],
    101: [
        ProcessorStateSnapshot {
            clk: 294,
            stack_state: [
                5,
                4,
                3,
                2,
                1,
                0,
                0,
                0,
                0,
                0,
                0,
                0,
                0,
                0,
                0,
                0,
                0,
                0,
                0,
                0,
                0,
                0,
            ],
            stack_words: [
                Word(
                    [
                        5,
                        4,
                        3,
                        2,
                    ],
                ),
                Word(
                    [
                        1,
                        0,
                        0,
                        0,
                    ],
                ),
                Word(
                    [
                        0,
                        0,
                        0,
                        0,
                    ],
                ),
                Word(
                    [
                        0,
                        0,
                        0,
                        0,
                    ],
                ),
            ],
            mem_state: [
                (
                    MemoryAddress(
                        0,
                    ),
                    24,
                ),
                (
                    MemoryAddress(
                        1,
                    ),
                    0,
                ),
                (
                    MemoryAddress(
                        2,
                    ),
                    0,
                ),
                (
                    MemoryAddress(
                        3,
                    ),
                    0,
                ),
                (
                    MemoryAddress(
                        4,
                    ),
                    5345304996261355602,
                ),
                (
                    MemoryAddress(
                        5,
                    ),
                    8338280052266467350,
                ),
                (
                    MemoryAddress(
                        6,
                    ),
                    1864727691374819708,
                ),
                (
                    MemoryAddress(
                        7,
                    ),
                    13314162163724695459,
                ),
                (
                    MemoryAddress(
                        8,
                    ),
                    12586890733488447567,
                ),
                (
                    MemoryAddress(
                        9,
                    ),
                    9458994074319226019,
                ),
                (
                    MemoryAddress(
                        10,
                    ),
                    9847578264936299057,
                ),
                (
                    MemoryAddress(
                        11,
                    ),
                    13338942935363501637,
                ),
                (
                    MemoryAddress(
                        100,
                    ),
                    2323,
                ),
                (
                    MemoryAddress(
                        101,
                    ),
                    0,
                ),
                (
                    MemoryAddress(
                        102,
                    ),
                    0,
                ),
                (
                    MemoryAddress(
                        103,
                    ),
                    0,
                ),
                (
                    MemoryAddress(
                        4294967292,
                    ),
                    0,
                ),
                (
                    MemoryAddress(
                        4294967293,
                    ),
                    0,
                ),
                (
                    MemoryAddress(
                        4294967294,
                    ),
                    2147483648,
                ),
                (
                    MemoryAddress(
                        4294967295,
                    ),
                    0,
                ),
            ],
        },
    ],
}
